CRITICAL - 2025-11-14 22:29:08 --> CodeIgniter\View\Exceptions\ViewException: Invalid file: "cliente/detalle.php"
[Method: GET, Route: clientes/buscarclientes/1]
in SYSTEMPATH/Exceptions/FrameworkException.php on line 39.
 1 SYSTEMPATH/View/View.php(212): CodeIgniter\Exceptions\FrameworkException::forInvalidFile('cliente/detalle.php')
 2 SYSTEMPATH/Common.php(1173): CodeIgniter\View\View->render('cliente/detalle', [], true)
 3 APPPATH/Controllers/Clientes.php(55): view('cliente/detalle', [...])
 4 SYSTEMPATH/CodeIgniter.php(933): App\Controllers\Clientes->buscarclientes('1')
 5 SYSTEMPATH/CodeIgniter.php(507): CodeIgniter\CodeIgniter->runController(Object(App\Controllers\Clientes))
 6 SYSTEMPATH/CodeIgniter.php(354): CodeIgniter\CodeIgniter->handleRequest(null, Object(Config\Cache), false)
 7 SYSTEMPATH/Boot.php(334): CodeIgniter\CodeIgniter->run()
 8 SYSTEMPATH/Boot.php(67): CodeIgniter\Boot::runCodeIgniter(Object(CodeIgniter\CodeIgniter))
 9 FCPATH/index.php(59): CodeIgniter\Boot::bootWeb(Object(Config\Paths))
CRITICAL - 2025-11-14 22:29:28 --> CodeIgniter\View\Exceptions\ViewException: Invalid file: "cliente/detalle.php"
[Method: GET, Route: clientes/buscarclientes/1]
in SYSTEMPATH/Exceptions/FrameworkException.php on line 39.
 1 SYSTEMPATH/View/View.php(212): CodeIgniter\Exceptions\FrameworkException::forInvalidFile('cliente/detalle.php')
 2 SYSTEMPATH/Common.php(1173): CodeIgniter\View\View->render('cliente/detalle', [], true)
 3 APPPATH/Controllers/Clientes.php(55): view('cliente/detalle', [...])
 4 SYSTEMPATH/CodeIgniter.php(933): App\Controllers\Clientes->buscarclientes('1')
 5 SYSTEMPATH/CodeIgniter.php(507): CodeIgniter\CodeIgniter->runController(Object(App\Controllers\Clientes))
 6 SYSTEMPATH/CodeIgniter.php(354): CodeIgniter\CodeIgniter->handleRequest(null, Object(Config\Cache), false)
 7 SYSTEMPATH/Boot.php(334): CodeIgniter\CodeIgniter->run()
 8 SYSTEMPATH/Boot.php(67): CodeIgniter\Boot::runCodeIgniter(Object(CodeIgniter\CodeIgniter))
 9 FCPATH/index.php(59): CodeIgniter\Boot::bootWeb(Object(Config\Paths))
