DEBUG - 2026-08-11 00:53:57 --> Session: Class initialized using 'CodeIgniter\Session\Handlers\FileHandler' driver.
DEBUG - 2026-08-11 00:54:08 --> Session: Class initialized using 'CodeIgniter\Session\Handlers\FileHandler' driver.
DEBUG - 2026-08-11 11:44:55 --> Session: Class initialized using 'CodeIgniter\Session\Handlers\FileHandler' driver.
DEBUG - 2026-08-11 12:45:44 --> Session: Class initialized using 'CodeIgniter\Session\Handlers\FileHandler' driver.
CRITICAL - 2026-08-11 14:28:36 --> ErrorException: Undefined property: App\Controllers\Etiquetas::$atributos
[Method: POST, Route: etiquetas/insertar]
in APPPATH/Controllers/Etiquetas.php on line 68.
 1 APPPATH/Controllers/Etiquetas.php(68): CodeIgniter\Debug\Exceptions->errorHandler(2, 'Undefined property: App\\Controllers\\Etiquetas::$atributos', '/opt/lampp/htdocs/ci.03/app/Controllers/Etiquetas.php', 68)
 2 SYSTEMPATH/CodeIgniter.php(933): App\Controllers\Etiquetas->insertar()
 3 SYSTEMPATH/CodeIgniter.php(507): CodeIgniter\CodeIgniter->runController(Object(App\Controllers\Etiquetas))
 4 SYSTEMPATH/CodeIgniter.php(354): CodeIgniter\CodeIgniter->handleRequest(null, Object(Config\Cache), false)
 5 SYSTEMPATH/Boot.php(334): CodeIgniter\CodeIgniter->run()
 6 SYSTEMPATH/Boot.php(67): CodeIgniter\Boot::runCodeIgniter(Object(CodeIgniter\CodeIgniter))
 7 FCPATH/index.php(59): CodeIgniter\Boot::bootWeb(Object(Config\Paths))
CRITICAL - 2026-08-11 14:32:23 --> ErrorException: Undefined variable $datoAtributo
[Method: POST, Route: etiquetas/actualizar/1]
in APPPATH/Controllers/Etiquetas.php on line 101.
 1 APPPATH/Controllers/Etiquetas.php(101): CodeIgniter\Debug\Exceptions->errorHandler(2, 'Undefined variable $datoAtributo', '/opt/lampp/htdocs/ci.03/app/Controllers/Etiquetas.php', 101)
 2 SYSTEMPATH/CodeIgniter.php(933): App\Controllers\Etiquetas->actualizar('1')
 3 SYSTEMPATH/CodeIgniter.php(507): CodeIgniter\CodeIgniter->runController(Object(App\Controllers\Etiquetas))
 4 SYSTEMPATH/CodeIgniter.php(354): CodeIgniter\CodeIgniter->handleRequest(null, Object(Config\Cache), false)
 5 SYSTEMPATH/Boot.php(334): CodeIgniter\CodeIgniter->run()
 6 SYSTEMPATH/Boot.php(67): CodeIgniter\Boot::runCodeIgniter(Object(CodeIgniter\CodeIgniter))
 7 FCPATH/index.php(59): CodeIgniter\Boot::bootWeb(Object(Config\Paths))
DEBUG - 2026-08-11 14:38:12 --> Session: Class initialized using 'CodeIgniter\Session\Handlers\FileHandler' driver.
