CRITICAL - 2026-05-11 21:57:57 --> ErrorException: Undefined variable $veterinaria
[Method: GET, Route: panel]
in APPPATH/Controllers/Panel.php on line 19.
 1 APPPATH/Controllers/Panel.php(19): CodeIgniter\Debug\Exceptions->errorHandler(2, 'Undefined variable $veterinaria', '/opt/lampp/htdocs/ci/app/Controllers/Panel.php', 19)
 2 SYSTEMPATH/CodeIgniter.php(933): App\Controllers\Panel->index()
 3 SYSTEMPATH/CodeIgniter.php(507): CodeIgniter\CodeIgniter->runController(Object(App\Controllers\Panel))
 4 SYSTEMPATH/CodeIgniter.php(354): CodeIgniter\CodeIgniter->handleRequest(null, Object(Config\Cache), false)
 5 SYSTEMPATH/Boot.php(334): CodeIgniter\CodeIgniter->run()
 6 SYSTEMPATH/Boot.php(67): CodeIgniter\Boot::runCodeIgniter(Object(CodeIgniter\CodeIgniter))
 7 FCPATH/index.php(59): CodeIgniter\Boot::bootWeb(Object(Config\Paths))
CRITICAL - 2026-05-11 21:59:19 --> ErrorException: Undefined variable $veterinaria
[Method: GET, Route: panel]
in APPPATH/Controllers/Panel.php on line 19.
 1 APPPATH/Controllers/Panel.php(19): CodeIgniter\Debug\Exceptions->errorHandler(2, 'Undefined variable $veterinaria', '/opt/lampp/htdocs/ci/app/Controllers/Panel.php', 19)
 2 SYSTEMPATH/CodeIgniter.php(933): App\Controllers\Panel->index()
 3 SYSTEMPATH/CodeIgniter.php(507): CodeIgniter\CodeIgniter->runController(Object(App\Controllers\Panel))
 4 SYSTEMPATH/CodeIgniter.php(354): CodeIgniter\CodeIgniter->handleRequest(null, Object(Config\Cache), false)
 5 SYSTEMPATH/Boot.php(334): CodeIgniter\CodeIgniter->run()
 6 SYSTEMPATH/Boot.php(67): CodeIgniter\Boot::runCodeIgniter(Object(CodeIgniter\CodeIgniter))
 7 FCPATH/index.php(59): CodeIgniter\Boot::bootWeb(Object(Config\Paths))
CRITICAL - 2026-05-11 21:59:32 --> ErrorException: Undefined variable $veterinaria
[Method: GET, Route: panel]
in APPPATH/Controllers/Panel.php on line 19.
 1 APPPATH/Controllers/Panel.php(19): CodeIgniter\Debug\Exceptions->errorHandler(2, 'Undefined variable $veterinaria', '/opt/lampp/htdocs/ci/app/Controllers/Panel.php', 19)
 2 SYSTEMPATH/CodeIgniter.php(933): App\Controllers\Panel->index()
 3 SYSTEMPATH/CodeIgniter.php(507): CodeIgniter\CodeIgniter->runController(Object(App\Controllers\Panel))
 4 SYSTEMPATH/CodeIgniter.php(354): CodeIgniter\CodeIgniter->handleRequest(null, Object(Config\Cache), false)
 5 SYSTEMPATH/Boot.php(334): CodeIgniter\CodeIgniter->run()
 6 SYSTEMPATH/Boot.php(67): CodeIgniter\Boot::runCodeIgniter(Object(CodeIgniter\CodeIgniter))
 7 FCPATH/index.php(59): CodeIgniter\Boot::bootWeb(Object(Config\Paths))
CRITICAL - 2026-05-11 22:01:00 --> ErrorException: Undefined variable $eterinaria
[Method: GET, Route: panel]
in APPPATH/Controllers/Panel.php on line 19.
 1 APPPATH/Controllers/Panel.php(19): CodeIgniter\Debug\Exceptions->errorHandler(2, 'Undefined variable $eterinaria', '/opt/lampp/htdocs/ci/app/Controllers/Panel.php', 19)
 2 SYSTEMPATH/CodeIgniter.php(933): App\Controllers\Panel->index()
 3 SYSTEMPATH/CodeIgniter.php(507): CodeIgniter\CodeIgniter->runController(Object(App\Controllers\Panel))
 4 SYSTEMPATH/CodeIgniter.php(354): CodeIgniter\CodeIgniter->handleRequest(null, Object(Config\Cache), false)
 5 SYSTEMPATH/Boot.php(334): CodeIgniter\CodeIgniter->run()
 6 SYSTEMPATH/Boot.php(67): CodeIgniter\Boot::runCodeIgniter(Object(CodeIgniter\CodeIgniter))
 7 FCPATH/index.php(59): CodeIgniter\Boot::bootWeb(Object(Config\Paths))
CRITICAL - 2026-05-11 22:01:06 --> ErrorException: Undefined variable $veterinaria
[Method: GET, Route: panel]
in APPPATH/Controllers/Panel.php on line 19.
 1 APPPATH/Controllers/Panel.php(19): CodeIgniter\Debug\Exceptions->errorHandler(2, 'Undefined variable $veterinaria', '/opt/lampp/htdocs/ci/app/Controllers/Panel.php', 19)
 2 SYSTEMPATH/CodeIgniter.php(933): App\Controllers\Panel->index()
 3 SYSTEMPATH/CodeIgniter.php(507): CodeIgniter\CodeIgniter->runController(Object(App\Controllers\Panel))
 4 SYSTEMPATH/CodeIgniter.php(354): CodeIgniter\CodeIgniter->handleRequest(null, Object(Config\Cache), false)
 5 SYSTEMPATH/Boot.php(334): CodeIgniter\CodeIgniter->run()
 6 SYSTEMPATH/Boot.php(67): CodeIgniter\Boot::runCodeIgniter(Object(CodeIgniter\CodeIgniter))
 7 FCPATH/index.php(59): CodeIgniter\Boot::bootWeb(Object(Config\Paths))
CRITICAL - 2026-05-11 22:03:55 --> ErrorException: Undefined variable $administracion
[Method: GET, Route: panel]
in APPPATH/Controllers/Panel.php on line 19.
 1 APPPATH/Controllers/Panel.php(19): CodeIgniter\Debug\Exceptions->errorHandler(2, 'Undefined variable $administracion', '/opt/lampp/htdocs/ci/app/Controllers/Panel.php', 19)
 2 SYSTEMPATH/CodeIgniter.php(933): App\Controllers\Panel->index()
 3 SYSTEMPATH/CodeIgniter.php(507): CodeIgniter\CodeIgniter->runController(Object(App\Controllers\Panel))
 4 SYSTEMPATH/CodeIgniter.php(354): CodeIgniter\CodeIgniter->handleRequest(null, Object(Config\Cache), false)
 5 SYSTEMPATH/Boot.php(334): CodeIgniter\CodeIgniter->run()
 6 SYSTEMPATH/Boot.php(67): CodeIgniter\Boot::runCodeIgniter(Object(CodeIgniter\CodeIgniter))
 7 FCPATH/index.php(59): CodeIgniter\Boot::bootWeb(Object(Config\Paths))
CRITICAL - 2026-05-11 22:04:37 --> ErrorException: Undefined variable $veterinaria
[Method: GET, Route: panel]
in APPPATH/Controllers/Panel.php on line 19.
 1 APPPATH/Controllers/Panel.php(19): CodeIgniter\Debug\Exceptions->errorHandler(2, 'Undefined variable $veterinaria', '/opt/lampp/htdocs/ci/app/Controllers/Panel.php', 19)
 2 SYSTEMPATH/CodeIgniter.php(933): App\Controllers\Panel->index()
 3 SYSTEMPATH/CodeIgniter.php(507): CodeIgniter\CodeIgniter->runController(Object(App\Controllers\Panel))
 4 SYSTEMPATH/CodeIgniter.php(354): CodeIgniter\CodeIgniter->handleRequest(null, Object(Config\Cache), false)
 5 SYSTEMPATH/Boot.php(334): CodeIgniter\CodeIgniter->run()
 6 SYSTEMPATH/Boot.php(67): CodeIgniter\Boot::runCodeIgniter(Object(CodeIgniter\CodeIgniter))
 7 FCPATH/index.php(59): CodeIgniter\Boot::bootWeb(Object(Config\Paths))
