ERROR - 2026-05-23 01:34:06 --> mysqli_sql_exception: Duplicate entry '0' for key 'PRIMARY' in /opt/lampp/htdocs/ci/system/Database/MySQLi/Connection.php:327
Stack trace:
#0 /opt/lampp/htdocs/ci/system/Database/MySQLi/Connection.php(327): mysqli->query('INSERT INTO `cl...', 0)
#1 /opt/lampp/htdocs/ci/system/Database/BaseConnection.php(738): CodeIgniter\Database\MySQLi\Connection->execute('INSERT INTO `cl...')
#2 /opt/lampp/htdocs/ci/system/Database/BaseConnection.php(652): CodeIgniter\Database\BaseConnection->simpleQuery('INSERT INTO `cl...')
#3 /opt/lampp/htdocs/ci/system/Database/BaseBuilder.php(2345): CodeIgniter\Database\BaseConnection->query('INSERT INTO `cl...', Array, false)
#4 /opt/lampp/htdocs/ci/system/Model.php(394): CodeIgniter\Database\BaseBuilder->insert()
#5 /opt/lampp/htdocs/ci/system/BaseModel.php(843): CodeIgniter\Model->doInsert(Array)
#6 /opt/lampp/htdocs/ci/system/Model.php(800): CodeIgniter\BaseModel->insert(Array, false)
#7 /opt/lampp/htdocs/ci/system/BaseModel.php(754): CodeIgniter\Model->insert(Array, false)
#8 /opt/lampp/htdocs/ci/app/Controllers/Clientes.php(61): CodeIgniter\BaseModel->save(Array)
#9 /opt/lampp/htdocs/ci/system/CodeIgniter.php(933): App\Controllers\Clientes->insertar()
#10 /opt/lampp/htdocs/ci/system/CodeIgniter.php(507): CodeIgniter\CodeIgniter->runController(Object(App\Controllers\Clientes))
#11 /opt/lampp/htdocs/ci/system/CodeIgniter.php(354): CodeIgniter\CodeIgniter->handleRequest(NULL, Object(Config\Cache), false)
#12 /opt/lampp/htdocs/ci/system/Boot.php(334): CodeIgniter\CodeIgniter->run()
#13 /opt/lampp/htdocs/ci/system/Boot.php(67): CodeIgniter\Boot::runCodeIgniter(Object(CodeIgniter\CodeIgniter))
#14 /opt/lampp/htdocs/ci/public/index.php(59): CodeIgniter\Boot::bootWeb(Object(Config\Paths))
#15 {main}
CRITICAL - 2026-05-23 01:34:06 --> CodeIgniter\Database\Exceptions\DatabaseException: Duplicate entry '0' for key 'PRIMARY'
[Method: POST, Route: clientes/insertar]
in SYSTEMPATH/Database/BaseConnection.php on line 692.
 1 SYSTEMPATH/Database/BaseBuilder.php(2345): CodeIgniter\Database\BaseConnection->query('INSERT INTO `clientes` (`nombre`, `telefono`, `email`, `domicilio`) VALUES (:nombre:, :telefono:, :email:, :domicilio:)', [...], false)
 2 SYSTEMPATH/Model.php(394): CodeIgniter\Database\BaseBuilder->insert()
 3 SYSTEMPATH/BaseModel.php(843): CodeIgniter\Model->doInsert([...])
 4 SYSTEMPATH/Model.php(800): CodeIgniter\BaseModel->insert([...], false)
 5 SYSTEMPATH/BaseModel.php(754): CodeIgniter\Model->insert([...], false)
 6 APPPATH/Controllers/Clientes.php(61): CodeIgniter\BaseModel->save([...])
 7 SYSTEMPATH/CodeIgniter.php(933): App\Controllers\Clientes->insertar()
 8 SYSTEMPATH/CodeIgniter.php(507): CodeIgniter\CodeIgniter->runController(Object(App\Controllers\Clientes))
 9 SYSTEMPATH/CodeIgniter.php(354): CodeIgniter\CodeIgniter->handleRequest(null, Object(Config\Cache), false)
10 SYSTEMPATH/Boot.php(334): CodeIgniter\CodeIgniter->run()
11 SYSTEMPATH/Boot.php(67): CodeIgniter\Boot::runCodeIgniter(Object(CodeIgniter\CodeIgniter))
12 FCPATH/index.php(59): CodeIgniter\Boot::bootWeb(Object(Config\Paths))
CRITICAL - 2026-05-23 01:34:06 --> [Caused by] CodeIgniter\Database\Exceptions\DatabaseException: Duplicate entry '0' for key 'PRIMARY'
in SYSTEMPATH/Database/MySQLi/Connection.php on line 332.
 1 SYSTEMPATH/Database/BaseConnection.php(738): CodeIgniter\Database\MySQLi\Connection->execute('INSERT INTO `clientes` (`nombre`, `telefono`, `email`, `domicilio`) VALUES (\'lorena\', \'2421321312\', \'zulmadellujanmansilla@gmail.com\', \'dorrego 32\')')
 2 SYSTEMPATH/Database/BaseConnection.php(652): CodeIgniter\Database\BaseConnection->simpleQuery('INSERT INTO `clientes` (`nombre`, `telefono`, `email`, `domicilio`) VALUES (\'lorena\', \'2421321312\', \'zulmadellujanmansilla@gmail.com\', \'dorrego 32\')')
 3 SYSTEMPATH/Database/BaseBuilder.php(2345): CodeIgniter\Database\BaseConnection->query('INSERT INTO `clientes` (`nombre`, `telefono`, `email`, `domicilio`) VALUES (:nombre:, :telefono:, :email:, :domicilio:)', [...], false)
 4 SYSTEMPATH/Model.php(394): CodeIgniter\Database\BaseBuilder->insert()
 5 SYSTEMPATH/BaseModel.php(843): CodeIgniter\Model->doInsert([...])
 6 SYSTEMPATH/Model.php(800): CodeIgniter\BaseModel->insert([...], false)
 7 SYSTEMPATH/BaseModel.php(754): CodeIgniter\Model->insert([...], false)
 8 APPPATH/Controllers/Clientes.php(61): CodeIgniter\BaseModel->save([...])
 9 SYSTEMPATH/CodeIgniter.php(933): App\Controllers\Clientes->insertar()
10 SYSTEMPATH/CodeIgniter.php(507): CodeIgniter\CodeIgniter->runController(Object(App\Controllers\Clientes))
11 SYSTEMPATH/CodeIgniter.php(354): CodeIgniter\CodeIgniter->handleRequest(null, Object(Config\Cache), false)
12 SYSTEMPATH/Boot.php(334): CodeIgniter\CodeIgniter->run()
13 SYSTEMPATH/Boot.php(67): CodeIgniter\Boot::runCodeIgniter(Object(CodeIgniter\CodeIgniter))
14 FCPATH/index.php(59): CodeIgniter\Boot::bootWeb(Object(Config\Paths))
CRITICAL - 2026-05-23 01:34:06 --> [Caused by] mysqli_sql_exception: Duplicate entry '0' for key 'PRIMARY'
in SYSTEMPATH/Database/MySQLi/Connection.php on line 327.
 1 SYSTEMPATH/Database/MySQLi/Connection.php(327): mysqli->query('INSERT INTO `clientes` (`nombre`, `telefono`, `email`, `domicilio`) VALUES (\'lorena\', \'2421321312\', \'zulmadellujanmansilla@gmail.com\', \'dorrego 32\')', 0)
 2 SYSTEMPATH/Database/BaseConnection.php(738): CodeIgniter\Database\MySQLi\Connection->execute('INSERT INTO `clientes` (`nombre`, `telefono`, `email`, `domicilio`) VALUES (\'lorena\', \'2421321312\', \'zulmadellujanmansilla@gmail.com\', \'dorrego 32\')')
 3 SYSTEMPATH/Database/BaseConnection.php(652): CodeIgniter\Database\BaseConnection->simpleQuery('INSERT INTO `clientes` (`nombre`, `telefono`, `email`, `domicilio`) VALUES (\'lorena\', \'2421321312\', \'zulmadellujanmansilla@gmail.com\', \'dorrego 32\')')
 4 SYSTEMPATH/Database/BaseBuilder.php(2345): CodeIgniter\Database\BaseConnection->query('INSERT INTO `clientes` (`nombre`, `telefono`, `email`, `domicilio`) VALUES (:nombre:, :telefono:, :email:, :domicilio:)', [...], false)
 5 SYSTEMPATH/Model.php(394): CodeIgniter\Database\BaseBuilder->insert()
 6 SYSTEMPATH/BaseModel.php(843): CodeIgniter\Model->doInsert([...])
 7 SYSTEMPATH/Model.php(800): CodeIgniter\BaseModel->insert([...], false)
 8 SYSTEMPATH/BaseModel.php(754): CodeIgniter\Model->insert([...], false)
 9 APPPATH/Controllers/Clientes.php(61): CodeIgniter\BaseModel->save([...])
10 SYSTEMPATH/CodeIgniter.php(933): App\Controllers\Clientes->insertar()
11 SYSTEMPATH/CodeIgniter.php(507): CodeIgniter\CodeIgniter->runController(Object(App\Controllers\Clientes))
12 SYSTEMPATH/CodeIgniter.php(354): CodeIgniter\CodeIgniter->handleRequest(null, Object(Config\Cache), false)
13 SYSTEMPATH/Boot.php(334): CodeIgniter\CodeIgniter->run()
14 SYSTEMPATH/Boot.php(67): CodeIgniter\Boot::runCodeIgniter(Object(CodeIgniter\CodeIgniter))
15 FCPATH/index.php(59): CodeIgniter\Boot::bootWeb(Object(Config\Paths))
ERROR - 2026-05-23 01:34:24 --> mysqli_sql_exception: Duplicate entry '0' for key 'PRIMARY' in /opt/lampp/htdocs/ci/system/Database/MySQLi/Connection.php:327
Stack trace:
#0 /opt/lampp/htdocs/ci/system/Database/MySQLi/Connection.php(327): mysqli->query('INSERT INTO `cl...', 0)
#1 /opt/lampp/htdocs/ci/system/Database/BaseConnection.php(738): CodeIgniter\Database\MySQLi\Connection->execute('INSERT INTO `cl...')
#2 /opt/lampp/htdocs/ci/system/Database/BaseConnection.php(652): CodeIgniter\Database\BaseConnection->simpleQuery('INSERT INTO `cl...')
#3 /opt/lampp/htdocs/ci/system/Database/BaseBuilder.php(2345): CodeIgniter\Database\BaseConnection->query('INSERT INTO `cl...', Array, false)
#4 /opt/lampp/htdocs/ci/system/Model.php(394): CodeIgniter\Database\BaseBuilder->insert()
#5 /opt/lampp/htdocs/ci/system/BaseModel.php(843): CodeIgniter\Model->doInsert(Array)
#6 /opt/lampp/htdocs/ci/system/Model.php(800): CodeIgniter\BaseModel->insert(Array, false)
#7 /opt/lampp/htdocs/ci/system/BaseModel.php(754): CodeIgniter\Model->insert(Array, false)
#8 /opt/lampp/htdocs/ci/app/Controllers/Clientes.php(61): CodeIgniter\BaseModel->save(Array)
#9 /opt/lampp/htdocs/ci/system/CodeIgniter.php(933): App\Controllers\Clientes->insertar()
#10 /opt/lampp/htdocs/ci/system/CodeIgniter.php(507): CodeIgniter\CodeIgniter->runController(Object(App\Controllers\Clientes))
#11 /opt/lampp/htdocs/ci/system/CodeIgniter.php(354): CodeIgniter\CodeIgniter->handleRequest(NULL, Object(Config\Cache), false)
#12 /opt/lampp/htdocs/ci/system/Boot.php(334): CodeIgniter\CodeIgniter->run()
#13 /opt/lampp/htdocs/ci/system/Boot.php(67): CodeIgniter\Boot::runCodeIgniter(Object(CodeIgniter\CodeIgniter))
#14 /opt/lampp/htdocs/ci/public/index.php(59): CodeIgniter\Boot::bootWeb(Object(Config\Paths))
#15 {main}
CRITICAL - 2026-05-23 01:34:24 --> CodeIgniter\Database\Exceptions\DatabaseException: Duplicate entry '0' for key 'PRIMARY'
[Method: POST, Route: clientes/insertar]
in SYSTEMPATH/Database/BaseConnection.php on line 692.
 1 SYSTEMPATH/Database/BaseBuilder.php(2345): CodeIgniter\Database\BaseConnection->query('INSERT INTO `clientes` (`nombre`, `telefono`, `email`, `domicilio`) VALUES (:nombre:, :telefono:, :email:, :domicilio:)', [...], false)
 2 SYSTEMPATH/Model.php(394): CodeIgniter\Database\BaseBuilder->insert()
 3 SYSTEMPATH/BaseModel.php(843): CodeIgniter\Model->doInsert([...])
 4 SYSTEMPATH/Model.php(800): CodeIgniter\BaseModel->insert([...], false)
 5 SYSTEMPATH/BaseModel.php(754): CodeIgniter\Model->insert([...], false)
 6 APPPATH/Controllers/Clientes.php(61): CodeIgniter\BaseModel->save([...])
 7 SYSTEMPATH/CodeIgniter.php(933): App\Controllers\Clientes->insertar()
 8 SYSTEMPATH/CodeIgniter.php(507): CodeIgniter\CodeIgniter->runController(Object(App\Controllers\Clientes))
 9 SYSTEMPATH/CodeIgniter.php(354): CodeIgniter\CodeIgniter->handleRequest(null, Object(Config\Cache), false)
10 SYSTEMPATH/Boot.php(334): CodeIgniter\CodeIgniter->run()
11 SYSTEMPATH/Boot.php(67): CodeIgniter\Boot::runCodeIgniter(Object(CodeIgniter\CodeIgniter))
12 FCPATH/index.php(59): CodeIgniter\Boot::bootWeb(Object(Config\Paths))
CRITICAL - 2026-05-23 01:34:24 --> [Caused by] CodeIgniter\Database\Exceptions\DatabaseException: Duplicate entry '0' for key 'PRIMARY'
in SYSTEMPATH/Database/MySQLi/Connection.php on line 332.
 1 SYSTEMPATH/Database/BaseConnection.php(738): CodeIgniter\Database\MySQLi\Connection->execute('INSERT INTO `clientes` (`nombre`, `telefono`, `email`, `domicilio`) VALUES (\'lorena\', \'2421321312\', \'zulmadellujanmansilla@gmail.com\', \'dorrego 32\')')
 2 SYSTEMPATH/Database/BaseConnection.php(652): CodeIgniter\Database\BaseConnection->simpleQuery('INSERT INTO `clientes` (`nombre`, `telefono`, `email`, `domicilio`) VALUES (\'lorena\', \'2421321312\', \'zulmadellujanmansilla@gmail.com\', \'dorrego 32\')')
 3 SYSTEMPATH/Database/BaseBuilder.php(2345): CodeIgniter\Database\BaseConnection->query('INSERT INTO `clientes` (`nombre`, `telefono`, `email`, `domicilio`) VALUES (:nombre:, :telefono:, :email:, :domicilio:)', [...], false)
 4 SYSTEMPATH/Model.php(394): CodeIgniter\Database\BaseBuilder->insert()
 5 SYSTEMPATH/BaseModel.php(843): CodeIgniter\Model->doInsert([...])
 6 SYSTEMPATH/Model.php(800): CodeIgniter\BaseModel->insert([...], false)
 7 SYSTEMPATH/BaseModel.php(754): CodeIgniter\Model->insert([...], false)
 8 APPPATH/Controllers/Clientes.php(61): CodeIgniter\BaseModel->save([...])
 9 SYSTEMPATH/CodeIgniter.php(933): App\Controllers\Clientes->insertar()
10 SYSTEMPATH/CodeIgniter.php(507): CodeIgniter\CodeIgniter->runController(Object(App\Controllers\Clientes))
11 SYSTEMPATH/CodeIgniter.php(354): CodeIgniter\CodeIgniter->handleRequest(null, Object(Config\Cache), false)
12 SYSTEMPATH/Boot.php(334): CodeIgniter\CodeIgniter->run()
13 SYSTEMPATH/Boot.php(67): CodeIgniter\Boot::runCodeIgniter(Object(CodeIgniter\CodeIgniter))
14 FCPATH/index.php(59): CodeIgniter\Boot::bootWeb(Object(Config\Paths))
CRITICAL - 2026-05-23 01:34:24 --> [Caused by] mysqli_sql_exception: Duplicate entry '0' for key 'PRIMARY'
in SYSTEMPATH/Database/MySQLi/Connection.php on line 327.
 1 SYSTEMPATH/Database/MySQLi/Connection.php(327): mysqli->query('INSERT INTO `clientes` (`nombre`, `telefono`, `email`, `domicilio`) VALUES (\'lorena\', \'2421321312\', \'zulmadellujanmansilla@gmail.com\', \'dorrego 32\')', 0)
 2 SYSTEMPATH/Database/BaseConnection.php(738): CodeIgniter\Database\MySQLi\Connection->execute('INSERT INTO `clientes` (`nombre`, `telefono`, `email`, `domicilio`) VALUES (\'lorena\', \'2421321312\', \'zulmadellujanmansilla@gmail.com\', \'dorrego 32\')')
 3 SYSTEMPATH/Database/BaseConnection.php(652): CodeIgniter\Database\BaseConnection->simpleQuery('INSERT INTO `clientes` (`nombre`, `telefono`, `email`, `domicilio`) VALUES (\'lorena\', \'2421321312\', \'zulmadellujanmansilla@gmail.com\', \'dorrego 32\')')
 4 SYSTEMPATH/Database/BaseBuilder.php(2345): CodeIgniter\Database\BaseConnection->query('INSERT INTO `clientes` (`nombre`, `telefono`, `email`, `domicilio`) VALUES (:nombre:, :telefono:, :email:, :domicilio:)', [...], false)
 5 SYSTEMPATH/Model.php(394): CodeIgniter\Database\BaseBuilder->insert()
 6 SYSTEMPATH/BaseModel.php(843): CodeIgniter\Model->doInsert([...])
 7 SYSTEMPATH/Model.php(800): CodeIgniter\BaseModel->insert([...], false)
 8 SYSTEMPATH/BaseModel.php(754): CodeIgniter\Model->insert([...], false)
 9 APPPATH/Controllers/Clientes.php(61): CodeIgniter\BaseModel->save([...])
10 SYSTEMPATH/CodeIgniter.php(933): App\Controllers\Clientes->insertar()
11 SYSTEMPATH/CodeIgniter.php(507): CodeIgniter\CodeIgniter->runController(Object(App\Controllers\Clientes))
12 SYSTEMPATH/CodeIgniter.php(354): CodeIgniter\CodeIgniter->handleRequest(null, Object(Config\Cache), false)
13 SYSTEMPATH/Boot.php(334): CodeIgniter\CodeIgniter->run()
14 SYSTEMPATH/Boot.php(67): CodeIgniter\Boot::runCodeIgniter(Object(CodeIgniter\CodeIgniter))
15 FCPATH/index.php(59): CodeIgniter\Boot::bootWeb(Object(Config\Paths))
ERROR - 2026-05-23 01:35:12 --> mysqli_sql_exception: Duplicate entry '0' for key 'PRIMARY' in /opt/lampp/htdocs/ci/system/Database/MySQLi/Connection.php:327
Stack trace:
#0 /opt/lampp/htdocs/ci/system/Database/MySQLi/Connection.php(327): mysqli->query('INSERT INTO `cl...', 0)
#1 /opt/lampp/htdocs/ci/system/Database/BaseConnection.php(738): CodeIgniter\Database\MySQLi\Connection->execute('INSERT INTO `cl...')
#2 /opt/lampp/htdocs/ci/system/Database/BaseConnection.php(652): CodeIgniter\Database\BaseConnection->simpleQuery('INSERT INTO `cl...')
#3 /opt/lampp/htdocs/ci/system/Database/BaseBuilder.php(2345): CodeIgniter\Database\BaseConnection->query('INSERT INTO `cl...', Array, false)
#4 /opt/lampp/htdocs/ci/system/Model.php(394): CodeIgniter\Database\BaseBuilder->insert()
#5 /opt/lampp/htdocs/ci/system/BaseModel.php(843): CodeIgniter\Model->doInsert(Array)
#6 /opt/lampp/htdocs/ci/system/Model.php(800): CodeIgniter\BaseModel->insert(Array, false)
#7 /opt/lampp/htdocs/ci/system/BaseModel.php(754): CodeIgniter\Model->insert(Array, false)
#8 /opt/lampp/htdocs/ci/app/Controllers/Clientes.php(61): CodeIgniter\BaseModel->save(Array)
#9 /opt/lampp/htdocs/ci/system/CodeIgniter.php(933): App\Controllers\Clientes->insertar()
#10 /opt/lampp/htdocs/ci/system/CodeIgniter.php(507): CodeIgniter\CodeIgniter->runController(Object(App\Controllers\Clientes))
#11 /opt/lampp/htdocs/ci/system/CodeIgniter.php(354): CodeIgniter\CodeIgniter->handleRequest(NULL, Object(Config\Cache), false)
#12 /opt/lampp/htdocs/ci/system/Boot.php(334): CodeIgniter\CodeIgniter->run()
#13 /opt/lampp/htdocs/ci/system/Boot.php(67): CodeIgniter\Boot::runCodeIgniter(Object(CodeIgniter\CodeIgniter))
#14 /opt/lampp/htdocs/ci/public/index.php(59): CodeIgniter\Boot::bootWeb(Object(Config\Paths))
#15 {main}
CRITICAL - 2026-05-23 01:35:12 --> CodeIgniter\Database\Exceptions\DatabaseException: Duplicate entry '0' for key 'PRIMARY'
[Method: POST, Route: clientes/insertar]
in SYSTEMPATH/Database/BaseConnection.php on line 692.
 1 SYSTEMPATH/Database/BaseBuilder.php(2345): CodeIgniter\Database\BaseConnection->query('INSERT INTO `clientes` (`nombre`, `apellido`, `telefono`, `email`, `domicilio`) VALUES (:nombre:, :apellido:, :telefono:, :email:, :domicilio:)', [...], false)
 2 SYSTEMPATH/Model.php(394): CodeIgniter\Database\BaseBuilder->insert()
 3 SYSTEMPATH/BaseModel.php(843): CodeIgniter\Model->doInsert([...])
 4 SYSTEMPATH/Model.php(800): CodeIgniter\BaseModel->insert([...], false)
 5 SYSTEMPATH/BaseModel.php(754): CodeIgniter\Model->insert([...], false)
 6 APPPATH/Controllers/Clientes.php(61): CodeIgniter\BaseModel->save([...])
 7 SYSTEMPATH/CodeIgniter.php(933): App\Controllers\Clientes->insertar()
 8 SYSTEMPATH/CodeIgniter.php(507): CodeIgniter\CodeIgniter->runController(Object(App\Controllers\Clientes))
 9 SYSTEMPATH/CodeIgniter.php(354): CodeIgniter\CodeIgniter->handleRequest(null, Object(Config\Cache), false)
10 SYSTEMPATH/Boot.php(334): CodeIgniter\CodeIgniter->run()
11 SYSTEMPATH/Boot.php(67): CodeIgniter\Boot::runCodeIgniter(Object(CodeIgniter\CodeIgniter))
12 FCPATH/index.php(59): CodeIgniter\Boot::bootWeb(Object(Config\Paths))
CRITICAL - 2026-05-23 01:35:12 --> [Caused by] CodeIgniter\Database\Exceptions\DatabaseException: Duplicate entry '0' for key 'PRIMARY'
in SYSTEMPATH/Database/MySQLi/Connection.php on line 332.
 1 SYSTEMPATH/Database/BaseConnection.php(738): CodeIgniter\Database\MySQLi\Connection->execute('INSERT INTO `clientes` (`nombre`, `apellido`, `telefono`, `email`, `domicilio`) VALUES (\'lorena\', \'juarez\', \'2421321312\', \'zulmadellujanmansilla@gmail.com\', \'dorrego 32\')')
 2 SYSTEMPATH/Database/BaseConnection.php(652): CodeIgniter\Database\BaseConnection->simpleQuery('INSERT INTO `clientes` (`nombre`, `apellido`, `telefono`, `email`, `domicilio`) VALUES (\'lorena\', \'juarez\', \'2421321312\', \'zulmadellujanmansilla@gmail.com\', \'dorrego 32\')')
 3 SYSTEMPATH/Database/BaseBuilder.php(2345): CodeIgniter\Database\BaseConnection->query('INSERT INTO `clientes` (`nombre`, `apellido`, `telefono`, `email`, `domicilio`) VALUES (:nombre:, :apellido:, :telefono:, :email:, :domicilio:)', [...], false)
 4 SYSTEMPATH/Model.php(394): CodeIgniter\Database\BaseBuilder->insert()
 5 SYSTEMPATH/BaseModel.php(843): CodeIgniter\Model->doInsert([...])
 6 SYSTEMPATH/Model.php(800): CodeIgniter\BaseModel->insert([...], false)
 7 SYSTEMPATH/BaseModel.php(754): CodeIgniter\Model->insert([...], false)
 8 APPPATH/Controllers/Clientes.php(61): CodeIgniter\BaseModel->save([...])
 9 SYSTEMPATH/CodeIgniter.php(933): App\Controllers\Clientes->insertar()
10 SYSTEMPATH/CodeIgniter.php(507): CodeIgniter\CodeIgniter->runController(Object(App\Controllers\Clientes))
11 SYSTEMPATH/CodeIgniter.php(354): CodeIgniter\CodeIgniter->handleRequest(null, Object(Config\Cache), false)
12 SYSTEMPATH/Boot.php(334): CodeIgniter\CodeIgniter->run()
13 SYSTEMPATH/Boot.php(67): CodeIgniter\Boot::runCodeIgniter(Object(CodeIgniter\CodeIgniter))
14 FCPATH/index.php(59): CodeIgniter\Boot::bootWeb(Object(Config\Paths))
CRITICAL - 2026-05-23 01:35:12 --> [Caused by] mysqli_sql_exception: Duplicate entry '0' for key 'PRIMARY'
in SYSTEMPATH/Database/MySQLi/Connection.php on line 327.
 1 SYSTEMPATH/Database/MySQLi/Connection.php(327): mysqli->query('INSERT INTO `clientes` (`nombre`, `apellido`, `telefono`, `email`, `domicilio`) VALUES (\'lorena\', \'juarez\', \'2421321312\', \'zulmadellujanmansilla@gmail.com\', \'dorrego 32\')', 0)
 2 SYSTEMPATH/Database/BaseConnection.php(738): CodeIgniter\Database\MySQLi\Connection->execute('INSERT INTO `clientes` (`nombre`, `apellido`, `telefono`, `email`, `domicilio`) VALUES (\'lorena\', \'juarez\', \'2421321312\', \'zulmadellujanmansilla@gmail.com\', \'dorrego 32\')')
 3 SYSTEMPATH/Database/BaseConnection.php(652): CodeIgniter\Database\BaseConnection->simpleQuery('INSERT INTO `clientes` (`nombre`, `apellido`, `telefono`, `email`, `domicilio`) VALUES (\'lorena\', \'juarez\', \'2421321312\', \'zulmadellujanmansilla@gmail.com\', \'dorrego 32\')')
 4 SYSTEMPATH/Database/BaseBuilder.php(2345): CodeIgniter\Database\BaseConnection->query('INSERT INTO `clientes` (`nombre`, `apellido`, `telefono`, `email`, `domicilio`) VALUES (:nombre:, :apellido:, :telefono:, :email:, :domicilio:)', [...], false)
 5 SYSTEMPATH/Model.php(394): CodeIgniter\Database\BaseBuilder->insert()
 6 SYSTEMPATH/BaseModel.php(843): CodeIgniter\Model->doInsert([...])
 7 SYSTEMPATH/Model.php(800): CodeIgniter\BaseModel->insert([...], false)
 8 SYSTEMPATH/BaseModel.php(754): CodeIgniter\Model->insert([...], false)
 9 APPPATH/Controllers/Clientes.php(61): CodeIgniter\BaseModel->save([...])
10 SYSTEMPATH/CodeIgniter.php(933): App\Controllers\Clientes->insertar()
11 SYSTEMPATH/CodeIgniter.php(507): CodeIgniter\CodeIgniter->runController(Object(App\Controllers\Clientes))
12 SYSTEMPATH/CodeIgniter.php(354): CodeIgniter\CodeIgniter->handleRequest(null, Object(Config\Cache), false)
13 SYSTEMPATH/Boot.php(334): CodeIgniter\CodeIgniter->run()
14 SYSTEMPATH/Boot.php(67): CodeIgniter\Boot::runCodeIgniter(Object(CodeIgniter\CodeIgniter))
15 FCPATH/index.php(59): CodeIgniter\Boot::bootWeb(Object(Config\Paths))
ERROR - 2026-05-23 01:35:15 --> mysqli_sql_exception: Duplicate entry '0' for key 'PRIMARY' in /opt/lampp/htdocs/ci/system/Database/MySQLi/Connection.php:327
Stack trace:
#0 /opt/lampp/htdocs/ci/system/Database/MySQLi/Connection.php(327): mysqli->query('INSERT INTO `cl...', 0)
#1 /opt/lampp/htdocs/ci/system/Database/BaseConnection.php(738): CodeIgniter\Database\MySQLi\Connection->execute('INSERT INTO `cl...')
#2 /opt/lampp/htdocs/ci/system/Database/BaseConnection.php(652): CodeIgniter\Database\BaseConnection->simpleQuery('INSERT INTO `cl...')
#3 /opt/lampp/htdocs/ci/system/Database/BaseBuilder.php(2345): CodeIgniter\Database\BaseConnection->query('INSERT INTO `cl...', Array, false)
#4 /opt/lampp/htdocs/ci/system/Model.php(394): CodeIgniter\Database\BaseBuilder->insert()
#5 /opt/lampp/htdocs/ci/system/BaseModel.php(843): CodeIgniter\Model->doInsert(Array)
#6 /opt/lampp/htdocs/ci/system/Model.php(800): CodeIgniter\BaseModel->insert(Array, false)
#7 /opt/lampp/htdocs/ci/system/BaseModel.php(754): CodeIgniter\Model->insert(Array, false)
#8 /opt/lampp/htdocs/ci/app/Controllers/Clientes.php(61): CodeIgniter\BaseModel->save(Array)
#9 /opt/lampp/htdocs/ci/system/CodeIgniter.php(933): App\Controllers\Clientes->insertar()
#10 /opt/lampp/htdocs/ci/system/CodeIgniter.php(507): CodeIgniter\CodeIgniter->runController(Object(App\Controllers\Clientes))
#11 /opt/lampp/htdocs/ci/system/CodeIgniter.php(354): CodeIgniter\CodeIgniter->handleRequest(NULL, Object(Config\Cache), false)
#12 /opt/lampp/htdocs/ci/system/Boot.php(334): CodeIgniter\CodeIgniter->run()
#13 /opt/lampp/htdocs/ci/system/Boot.php(67): CodeIgniter\Boot::runCodeIgniter(Object(CodeIgniter\CodeIgniter))
#14 /opt/lampp/htdocs/ci/public/index.php(59): CodeIgniter\Boot::bootWeb(Object(Config\Paths))
#15 {main}
CRITICAL - 2026-05-23 01:35:15 --> CodeIgniter\Database\Exceptions\DatabaseException: Duplicate entry '0' for key 'PRIMARY'
[Method: POST, Route: clientes/insertar]
in SYSTEMPATH/Database/BaseConnection.php on line 692.
 1 SYSTEMPATH/Database/BaseBuilder.php(2345): CodeIgniter\Database\BaseConnection->query('INSERT INTO `clientes` (`nombre`, `apellido`, `telefono`, `email`, `domicilio`) VALUES (:nombre:, :apellido:, :telefono:, :email:, :domicilio:)', [...], false)
 2 SYSTEMPATH/Model.php(394): CodeIgniter\Database\BaseBuilder->insert()
 3 SYSTEMPATH/BaseModel.php(843): CodeIgniter\Model->doInsert([...])
 4 SYSTEMPATH/Model.php(800): CodeIgniter\BaseModel->insert([...], false)
 5 SYSTEMPATH/BaseModel.php(754): CodeIgniter\Model->insert([...], false)
 6 APPPATH/Controllers/Clientes.php(61): CodeIgniter\BaseModel->save([...])
 7 SYSTEMPATH/CodeIgniter.php(933): App\Controllers\Clientes->insertar()
 8 SYSTEMPATH/CodeIgniter.php(507): CodeIgniter\CodeIgniter->runController(Object(App\Controllers\Clientes))
 9 SYSTEMPATH/CodeIgniter.php(354): CodeIgniter\CodeIgniter->handleRequest(null, Object(Config\Cache), false)
10 SYSTEMPATH/Boot.php(334): CodeIgniter\CodeIgniter->run()
11 SYSTEMPATH/Boot.php(67): CodeIgniter\Boot::runCodeIgniter(Object(CodeIgniter\CodeIgniter))
12 FCPATH/index.php(59): CodeIgniter\Boot::bootWeb(Object(Config\Paths))
CRITICAL - 2026-05-23 01:35:15 --> [Caused by] CodeIgniter\Database\Exceptions\DatabaseException: Duplicate entry '0' for key 'PRIMARY'
in SYSTEMPATH/Database/MySQLi/Connection.php on line 332.
 1 SYSTEMPATH/Database/BaseConnection.php(738): CodeIgniter\Database\MySQLi\Connection->execute('INSERT INTO `clientes` (`nombre`, `apellido`, `telefono`, `email`, `domicilio`) VALUES (\'lorena\', \'juarez\', \'2421321312\', \'zulmadellujanmansilla@gmail.com\', \'dorrego 32\')')
 2 SYSTEMPATH/Database/BaseConnection.php(652): CodeIgniter\Database\BaseConnection->simpleQuery('INSERT INTO `clientes` (`nombre`, `apellido`, `telefono`, `email`, `domicilio`) VALUES (\'lorena\', \'juarez\', \'2421321312\', \'zulmadellujanmansilla@gmail.com\', \'dorrego 32\')')
 3 SYSTEMPATH/Database/BaseBuilder.php(2345): CodeIgniter\Database\BaseConnection->query('INSERT INTO `clientes` (`nombre`, `apellido`, `telefono`, `email`, `domicilio`) VALUES (:nombre:, :apellido:, :telefono:, :email:, :domicilio:)', [...], false)
 4 SYSTEMPATH/Model.php(394): CodeIgniter\Database\BaseBuilder->insert()
 5 SYSTEMPATH/BaseModel.php(843): CodeIgniter\Model->doInsert([...])
 6 SYSTEMPATH/Model.php(800): CodeIgniter\BaseModel->insert([...], false)
 7 SYSTEMPATH/BaseModel.php(754): CodeIgniter\Model->insert([...], false)
 8 APPPATH/Controllers/Clientes.php(61): CodeIgniter\BaseModel->save([...])
 9 SYSTEMPATH/CodeIgniter.php(933): App\Controllers\Clientes->insertar()
10 SYSTEMPATH/CodeIgniter.php(507): CodeIgniter\CodeIgniter->runController(Object(App\Controllers\Clientes))
11 SYSTEMPATH/CodeIgniter.php(354): CodeIgniter\CodeIgniter->handleRequest(null, Object(Config\Cache), false)
12 SYSTEMPATH/Boot.php(334): CodeIgniter\CodeIgniter->run()
13 SYSTEMPATH/Boot.php(67): CodeIgniter\Boot::runCodeIgniter(Object(CodeIgniter\CodeIgniter))
14 FCPATH/index.php(59): CodeIgniter\Boot::bootWeb(Object(Config\Paths))
CRITICAL - 2026-05-23 01:35:15 --> [Caused by] mysqli_sql_exception: Duplicate entry '0' for key 'PRIMARY'
in SYSTEMPATH/Database/MySQLi/Connection.php on line 327.
 1 SYSTEMPATH/Database/MySQLi/Connection.php(327): mysqli->query('INSERT INTO `clientes` (`nombre`, `apellido`, `telefono`, `email`, `domicilio`) VALUES (\'lorena\', \'juarez\', \'2421321312\', \'zulmadellujanmansilla@gmail.com\', \'dorrego 32\')', 0)
 2 SYSTEMPATH/Database/BaseConnection.php(738): CodeIgniter\Database\MySQLi\Connection->execute('INSERT INTO `clientes` (`nombre`, `apellido`, `telefono`, `email`, `domicilio`) VALUES (\'lorena\', \'juarez\', \'2421321312\', \'zulmadellujanmansilla@gmail.com\', \'dorrego 32\')')
 3 SYSTEMPATH/Database/BaseConnection.php(652): CodeIgniter\Database\BaseConnection->simpleQuery('INSERT INTO `clientes` (`nombre`, `apellido`, `telefono`, `email`, `domicilio`) VALUES (\'lorena\', \'juarez\', \'2421321312\', \'zulmadellujanmansilla@gmail.com\', \'dorrego 32\')')
 4 SYSTEMPATH/Database/BaseBuilder.php(2345): CodeIgniter\Database\BaseConnection->query('INSERT INTO `clientes` (`nombre`, `apellido`, `telefono`, `email`, `domicilio`) VALUES (:nombre:, :apellido:, :telefono:, :email:, :domicilio:)', [...], false)
 5 SYSTEMPATH/Model.php(394): CodeIgniter\Database\BaseBuilder->insert()
 6 SYSTEMPATH/BaseModel.php(843): CodeIgniter\Model->doInsert([...])
 7 SYSTEMPATH/Model.php(800): CodeIgniter\BaseModel->insert([...], false)
 8 SYSTEMPATH/BaseModel.php(754): CodeIgniter\Model->insert([...], false)
 9 APPPATH/Controllers/Clientes.php(61): CodeIgniter\BaseModel->save([...])
10 SYSTEMPATH/CodeIgniter.php(933): App\Controllers\Clientes->insertar()
11 SYSTEMPATH/CodeIgniter.php(507): CodeIgniter\CodeIgniter->runController(Object(App\Controllers\Clientes))
12 SYSTEMPATH/CodeIgniter.php(354): CodeIgniter\CodeIgniter->handleRequest(null, Object(Config\Cache), false)
13 SYSTEMPATH/Boot.php(334): CodeIgniter\CodeIgniter->run()
14 SYSTEMPATH/Boot.php(67): CodeIgniter\Boot::runCodeIgniter(Object(CodeIgniter\CodeIgniter))
15 FCPATH/index.php(59): CodeIgniter\Boot::bootWeb(Object(Config\Paths))
ERROR - 2026-05-23 01:35:26 --> mysqli_sql_exception: Duplicate entry '0' for key 'PRIMARY' in /opt/lampp/htdocs/ci/system/Database/MySQLi/Connection.php:327
Stack trace:
#0 /opt/lampp/htdocs/ci/system/Database/MySQLi/Connection.php(327): mysqli->query('INSERT INTO `cl...', 0)
#1 /opt/lampp/htdocs/ci/system/Database/BaseConnection.php(738): CodeIgniter\Database\MySQLi\Connection->execute('INSERT INTO `cl...')
#2 /opt/lampp/htdocs/ci/system/Database/BaseConnection.php(652): CodeIgniter\Database\BaseConnection->simpleQuery('INSERT INTO `cl...')
#3 /opt/lampp/htdocs/ci/system/Database/BaseBuilder.php(2345): CodeIgniter\Database\BaseConnection->query('INSERT INTO `cl...', Array, false)
#4 /opt/lampp/htdocs/ci/system/Model.php(394): CodeIgniter\Database\BaseBuilder->insert()
#5 /opt/lampp/htdocs/ci/system/BaseModel.php(843): CodeIgniter\Model->doInsert(Array)
#6 /opt/lampp/htdocs/ci/system/Model.php(800): CodeIgniter\BaseModel->insert(Array, false)
#7 /opt/lampp/htdocs/ci/system/BaseModel.php(754): CodeIgniter\Model->insert(Array, false)
#8 /opt/lampp/htdocs/ci/app/Controllers/Clientes.php(61): CodeIgniter\BaseModel->save(Array)
#9 /opt/lampp/htdocs/ci/system/CodeIgniter.php(933): App\Controllers\Clientes->insertar()
#10 /opt/lampp/htdocs/ci/system/CodeIgniter.php(507): CodeIgniter\CodeIgniter->runController(Object(App\Controllers\Clientes))
#11 /opt/lampp/htdocs/ci/system/CodeIgniter.php(354): CodeIgniter\CodeIgniter->handleRequest(NULL, Object(Config\Cache), false)
#12 /opt/lampp/htdocs/ci/system/Boot.php(334): CodeIgniter\CodeIgniter->run()
#13 /opt/lampp/htdocs/ci/system/Boot.php(67): CodeIgniter\Boot::runCodeIgniter(Object(CodeIgniter\CodeIgniter))
#14 /opt/lampp/htdocs/ci/public/index.php(59): CodeIgniter\Boot::bootWeb(Object(Config\Paths))
#15 {main}
CRITICAL - 2026-05-23 01:35:26 --> CodeIgniter\Database\Exceptions\DatabaseException: Duplicate entry '0' for key 'PRIMARY'
[Method: POST, Route: clientes/insertar]
in SYSTEMPATH/Database/BaseConnection.php on line 692.
 1 SYSTEMPATH/Database/BaseBuilder.php(2345): CodeIgniter\Database\BaseConnection->query('INSERT INTO `clientes` (`nombre`, `apellido`, `telefono`, `email`, `domicilio`) VALUES (:nombre:, :apellido:, :telefono:, :email:, :domicilio:)', [...], false)
 2 SYSTEMPATH/Model.php(394): CodeIgniter\Database\BaseBuilder->insert()
 3 SYSTEMPATH/BaseModel.php(843): CodeIgniter\Model->doInsert([...])
 4 SYSTEMPATH/Model.php(800): CodeIgniter\BaseModel->insert([...], false)
 5 SYSTEMPATH/BaseModel.php(754): CodeIgniter\Model->insert([...], false)
 6 APPPATH/Controllers/Clientes.php(61): CodeIgniter\BaseModel->save([...])
 7 SYSTEMPATH/CodeIgniter.php(933): App\Controllers\Clientes->insertar()
 8 SYSTEMPATH/CodeIgniter.php(507): CodeIgniter\CodeIgniter->runController(Object(App\Controllers\Clientes))
 9 SYSTEMPATH/CodeIgniter.php(354): CodeIgniter\CodeIgniter->handleRequest(null, Object(Config\Cache), false)
10 SYSTEMPATH/Boot.php(334): CodeIgniter\CodeIgniter->run()
11 SYSTEMPATH/Boot.php(67): CodeIgniter\Boot::runCodeIgniter(Object(CodeIgniter\CodeIgniter))
12 FCPATH/index.php(59): CodeIgniter\Boot::bootWeb(Object(Config\Paths))
CRITICAL - 2026-05-23 01:35:26 --> [Caused by] CodeIgniter\Database\Exceptions\DatabaseException: Duplicate entry '0' for key 'PRIMARY'
in SYSTEMPATH/Database/MySQLi/Connection.php on line 332.
 1 SYSTEMPATH/Database/BaseConnection.php(738): CodeIgniter\Database\MySQLi\Connection->execute('INSERT INTO `clientes` (`nombre`, `apellido`, `telefono`, `email`, `domicilio`) VALUES (\'lorena\', \'juarez\', \'2421321312\', \'zulmadellujanmansilla@gmail.com\', \'dorrego 32\')')
 2 SYSTEMPATH/Database/BaseConnection.php(652): CodeIgniter\Database\BaseConnection->simpleQuery('INSERT INTO `clientes` (`nombre`, `apellido`, `telefono`, `email`, `domicilio`) VALUES (\'lorena\', \'juarez\', \'2421321312\', \'zulmadellujanmansilla@gmail.com\', \'dorrego 32\')')
 3 SYSTEMPATH/Database/BaseBuilder.php(2345): CodeIgniter\Database\BaseConnection->query('INSERT INTO `clientes` (`nombre`, `apellido`, `telefono`, `email`, `domicilio`) VALUES (:nombre:, :apellido:, :telefono:, :email:, :domicilio:)', [...], false)
 4 SYSTEMPATH/Model.php(394): CodeIgniter\Database\BaseBuilder->insert()
 5 SYSTEMPATH/BaseModel.php(843): CodeIgniter\Model->doInsert([...])
 6 SYSTEMPATH/Model.php(800): CodeIgniter\BaseModel->insert([...], false)
 7 SYSTEMPATH/BaseModel.php(754): CodeIgniter\Model->insert([...], false)
 8 APPPATH/Controllers/Clientes.php(61): CodeIgniter\BaseModel->save([...])
 9 SYSTEMPATH/CodeIgniter.php(933): App\Controllers\Clientes->insertar()
10 SYSTEMPATH/CodeIgniter.php(507): CodeIgniter\CodeIgniter->runController(Object(App\Controllers\Clientes))
11 SYSTEMPATH/CodeIgniter.php(354): CodeIgniter\CodeIgniter->handleRequest(null, Object(Config\Cache), false)
12 SYSTEMPATH/Boot.php(334): CodeIgniter\CodeIgniter->run()
13 SYSTEMPATH/Boot.php(67): CodeIgniter\Boot::runCodeIgniter(Object(CodeIgniter\CodeIgniter))
14 FCPATH/index.php(59): CodeIgniter\Boot::bootWeb(Object(Config\Paths))
CRITICAL - 2026-05-23 01:35:26 --> [Caused by] mysqli_sql_exception: Duplicate entry '0' for key 'PRIMARY'
in SYSTEMPATH/Database/MySQLi/Connection.php on line 327.
 1 SYSTEMPATH/Database/MySQLi/Connection.php(327): mysqli->query('INSERT INTO `clientes` (`nombre`, `apellido`, `telefono`, `email`, `domicilio`) VALUES (\'lorena\', \'juarez\', \'2421321312\', \'zulmadellujanmansilla@gmail.com\', \'dorrego 32\')', 0)
 2 SYSTEMPATH/Database/BaseConnection.php(738): CodeIgniter\Database\MySQLi\Connection->execute('INSERT INTO `clientes` (`nombre`, `apellido`, `telefono`, `email`, `domicilio`) VALUES (\'lorena\', \'juarez\', \'2421321312\', \'zulmadellujanmansilla@gmail.com\', \'dorrego 32\')')
 3 SYSTEMPATH/Database/BaseConnection.php(652): CodeIgniter\Database\BaseConnection->simpleQuery('INSERT INTO `clientes` (`nombre`, `apellido`, `telefono`, `email`, `domicilio`) VALUES (\'lorena\', \'juarez\', \'2421321312\', \'zulmadellujanmansilla@gmail.com\', \'dorrego 32\')')
 4 SYSTEMPATH/Database/BaseBuilder.php(2345): CodeIgniter\Database\BaseConnection->query('INSERT INTO `clientes` (`nombre`, `apellido`, `telefono`, `email`, `domicilio`) VALUES (:nombre:, :apellido:, :telefono:, :email:, :domicilio:)', [...], false)
 5 SYSTEMPATH/Model.php(394): CodeIgniter\Database\BaseBuilder->insert()
 6 SYSTEMPATH/BaseModel.php(843): CodeIgniter\Model->doInsert([...])
 7 SYSTEMPATH/Model.php(800): CodeIgniter\BaseModel->insert([...], false)
 8 SYSTEMPATH/BaseModel.php(754): CodeIgniter\Model->insert([...], false)
 9 APPPATH/Controllers/Clientes.php(61): CodeIgniter\BaseModel->save([...])
10 SYSTEMPATH/CodeIgniter.php(933): App\Controllers\Clientes->insertar()
11 SYSTEMPATH/CodeIgniter.php(507): CodeIgniter\CodeIgniter->runController(Object(App\Controllers\Clientes))
12 SYSTEMPATH/CodeIgniter.php(354): CodeIgniter\CodeIgniter->handleRequest(null, Object(Config\Cache), false)
13 SYSTEMPATH/Boot.php(334): CodeIgniter\CodeIgniter->run()
14 SYSTEMPATH/Boot.php(67): CodeIgniter\Boot::runCodeIgniter(Object(CodeIgniter\CodeIgniter))
15 FCPATH/index.php(59): CodeIgniter\Boot::bootWeb(Object(Config\Paths))
ERROR - 2026-05-23 01:36:17 --> mysqli_sql_exception: Duplicate entry '0' for key 'PRIMARY' in /opt/lampp/htdocs/ci/system/Database/MySQLi/Connection.php:327
Stack trace:
#0 /opt/lampp/htdocs/ci/system/Database/MySQLi/Connection.php(327): mysqli->query('INSERT INTO `cl...', 0)
#1 /opt/lampp/htdocs/ci/system/Database/BaseConnection.php(738): CodeIgniter\Database\MySQLi\Connection->execute('INSERT INTO `cl...')
#2 /opt/lampp/htdocs/ci/system/Database/BaseConnection.php(652): CodeIgniter\Database\BaseConnection->simpleQuery('INSERT INTO `cl...')
#3 /opt/lampp/htdocs/ci/system/Database/BaseBuilder.php(2345): CodeIgniter\Database\BaseConnection->query('INSERT INTO `cl...', Array, false)
#4 /opt/lampp/htdocs/ci/system/Model.php(394): CodeIgniter\Database\BaseBuilder->insert()
#5 /opt/lampp/htdocs/ci/system/BaseModel.php(843): CodeIgniter\Model->doInsert(Array)
#6 /opt/lampp/htdocs/ci/system/Model.php(800): CodeIgniter\BaseModel->insert(Array, false)
#7 /opt/lampp/htdocs/ci/system/BaseModel.php(754): CodeIgniter\Model->insert(Array, false)
#8 /opt/lampp/htdocs/ci/app/Controllers/Clientes.php(61): CodeIgniter\BaseModel->save(Array)
#9 /opt/lampp/htdocs/ci/system/CodeIgniter.php(933): App\Controllers\Clientes->insertar()
#10 /opt/lampp/htdocs/ci/system/CodeIgniter.php(507): CodeIgniter\CodeIgniter->runController(Object(App\Controllers\Clientes))
#11 /opt/lampp/htdocs/ci/system/CodeIgniter.php(354): CodeIgniter\CodeIgniter->handleRequest(NULL, Object(Config\Cache), false)
#12 /opt/lampp/htdocs/ci/system/Boot.php(334): CodeIgniter\CodeIgniter->run()
#13 /opt/lampp/htdocs/ci/system/Boot.php(67): CodeIgniter\Boot::runCodeIgniter(Object(CodeIgniter\CodeIgniter))
#14 /opt/lampp/htdocs/ci/public/index.php(59): CodeIgniter\Boot::bootWeb(Object(Config\Paths))
#15 {main}
CRITICAL - 2026-05-23 01:36:17 --> CodeIgniter\Database\Exceptions\DatabaseException: Duplicate entry '0' for key 'PRIMARY'
[Method: POST, Route: clientes/insertar]
in SYSTEMPATH/Database/BaseConnection.php on line 692.
 1 SYSTEMPATH/Database/BaseBuilder.php(2345): CodeIgniter\Database\BaseConnection->query('INSERT INTO `clientes` (`nombre`, `apellido`, `telefono`, `email`, `domicilio`) VALUES (:nombre:, :apellido:, :telefono:, :email:, :domicilio:)', [...], false)
 2 SYSTEMPATH/Model.php(394): CodeIgniter\Database\BaseBuilder->insert()
 3 SYSTEMPATH/BaseModel.php(843): CodeIgniter\Model->doInsert([...])
 4 SYSTEMPATH/Model.php(800): CodeIgniter\BaseModel->insert([...], false)
 5 SYSTEMPATH/BaseModel.php(754): CodeIgniter\Model->insert([...], false)
 6 APPPATH/Controllers/Clientes.php(61): CodeIgniter\BaseModel->save([...])
 7 SYSTEMPATH/CodeIgniter.php(933): App\Controllers\Clientes->insertar()
 8 SYSTEMPATH/CodeIgniter.php(507): CodeIgniter\CodeIgniter->runController(Object(App\Controllers\Clientes))
 9 SYSTEMPATH/CodeIgniter.php(354): CodeIgniter\CodeIgniter->handleRequest(null, Object(Config\Cache), false)
10 SYSTEMPATH/Boot.php(334): CodeIgniter\CodeIgniter->run()
11 SYSTEMPATH/Boot.php(67): CodeIgniter\Boot::runCodeIgniter(Object(CodeIgniter\CodeIgniter))
12 FCPATH/index.php(59): CodeIgniter\Boot::bootWeb(Object(Config\Paths))
CRITICAL - 2026-05-23 01:36:17 --> [Caused by] CodeIgniter\Database\Exceptions\DatabaseException: Duplicate entry '0' for key 'PRIMARY'
in SYSTEMPATH/Database/MySQLi/Connection.php on line 332.
 1 SYSTEMPATH/Database/BaseConnection.php(738): CodeIgniter\Database\MySQLi\Connection->execute('INSERT INTO `clientes` (`nombre`, `apellido`, `telefono`, `email`, `domicilio`) VALUES (\'lorena\', \'juarez\', \'2421321312\', \'zulmadellujanmansilla@gmail.com\', \'dorrego 32\')')
 2 SYSTEMPATH/Database/BaseConnection.php(652): CodeIgniter\Database\BaseConnection->simpleQuery('INSERT INTO `clientes` (`nombre`, `apellido`, `telefono`, `email`, `domicilio`) VALUES (\'lorena\', \'juarez\', \'2421321312\', \'zulmadellujanmansilla@gmail.com\', \'dorrego 32\')')
 3 SYSTEMPATH/Database/BaseBuilder.php(2345): CodeIgniter\Database\BaseConnection->query('INSERT INTO `clientes` (`nombre`, `apellido`, `telefono`, `email`, `domicilio`) VALUES (:nombre:, :apellido:, :telefono:, :email:, :domicilio:)', [...], false)
 4 SYSTEMPATH/Model.php(394): CodeIgniter\Database\BaseBuilder->insert()
 5 SYSTEMPATH/BaseModel.php(843): CodeIgniter\Model->doInsert([...])
 6 SYSTEMPATH/Model.php(800): CodeIgniter\BaseModel->insert([...], false)
 7 SYSTEMPATH/BaseModel.php(754): CodeIgniter\Model->insert([...], false)
 8 APPPATH/Controllers/Clientes.php(61): CodeIgniter\BaseModel->save([...])
 9 SYSTEMPATH/CodeIgniter.php(933): App\Controllers\Clientes->insertar()
10 SYSTEMPATH/CodeIgniter.php(507): CodeIgniter\CodeIgniter->runController(Object(App\Controllers\Clientes))
11 SYSTEMPATH/CodeIgniter.php(354): CodeIgniter\CodeIgniter->handleRequest(null, Object(Config\Cache), false)
12 SYSTEMPATH/Boot.php(334): CodeIgniter\CodeIgniter->run()
13 SYSTEMPATH/Boot.php(67): CodeIgniter\Boot::runCodeIgniter(Object(CodeIgniter\CodeIgniter))
14 FCPATH/index.php(59): CodeIgniter\Boot::bootWeb(Object(Config\Paths))
CRITICAL - 2026-05-23 01:36:17 --> [Caused by] mysqli_sql_exception: Duplicate entry '0' for key 'PRIMARY'
in SYSTEMPATH/Database/MySQLi/Connection.php on line 327.
 1 SYSTEMPATH/Database/MySQLi/Connection.php(327): mysqli->query('INSERT INTO `clientes` (`nombre`, `apellido`, `telefono`, `email`, `domicilio`) VALUES (\'lorena\', \'juarez\', \'2421321312\', \'zulmadellujanmansilla@gmail.com\', \'dorrego 32\')', 0)
 2 SYSTEMPATH/Database/BaseConnection.php(738): CodeIgniter\Database\MySQLi\Connection->execute('INSERT INTO `clientes` (`nombre`, `apellido`, `telefono`, `email`, `domicilio`) VALUES (\'lorena\', \'juarez\', \'2421321312\', \'zulmadellujanmansilla@gmail.com\', \'dorrego 32\')')
 3 SYSTEMPATH/Database/BaseConnection.php(652): CodeIgniter\Database\BaseConnection->simpleQuery('INSERT INTO `clientes` (`nombre`, `apellido`, `telefono`, `email`, `domicilio`) VALUES (\'lorena\', \'juarez\', \'2421321312\', \'zulmadellujanmansilla@gmail.com\', \'dorrego 32\')')
 4 SYSTEMPATH/Database/BaseBuilder.php(2345): CodeIgniter\Database\BaseConnection->query('INSERT INTO `clientes` (`nombre`, `apellido`, `telefono`, `email`, `domicilio`) VALUES (:nombre:, :apellido:, :telefono:, :email:, :domicilio:)', [...], false)
 5 SYSTEMPATH/Model.php(394): CodeIgniter\Database\BaseBuilder->insert()
 6 SYSTEMPATH/BaseModel.php(843): CodeIgniter\Model->doInsert([...])
 7 SYSTEMPATH/Model.php(800): CodeIgniter\BaseModel->insert([...], false)
 8 SYSTEMPATH/BaseModel.php(754): CodeIgniter\Model->insert([...], false)
 9 APPPATH/Controllers/Clientes.php(61): CodeIgniter\BaseModel->save([...])
10 SYSTEMPATH/CodeIgniter.php(933): App\Controllers\Clientes->insertar()
11 SYSTEMPATH/CodeIgniter.php(507): CodeIgniter\CodeIgniter->runController(Object(App\Controllers\Clientes))
12 SYSTEMPATH/CodeIgniter.php(354): CodeIgniter\CodeIgniter->handleRequest(null, Object(Config\Cache), false)
13 SYSTEMPATH/Boot.php(334): CodeIgniter\CodeIgniter->run()
14 SYSTEMPATH/Boot.php(67): CodeIgniter\Boot::runCodeIgniter(Object(CodeIgniter\CodeIgniter))
15 FCPATH/index.php(59): CodeIgniter\Boot::bootWeb(Object(Config\Paths))
ERROR - 2026-05-23 01:36:43 --> mysqli_sql_exception: Duplicate entry '0' for key 'PRIMARY' in /opt/lampp/htdocs/ci/system/Database/MySQLi/Connection.php:327
Stack trace:
#0 /opt/lampp/htdocs/ci/system/Database/MySQLi/Connection.php(327): mysqli->query('INSERT INTO `cl...', 0)
#1 /opt/lampp/htdocs/ci/system/Database/BaseConnection.php(738): CodeIgniter\Database\MySQLi\Connection->execute('INSERT INTO `cl...')
#2 /opt/lampp/htdocs/ci/system/Database/BaseConnection.php(652): CodeIgniter\Database\BaseConnection->simpleQuery('INSERT INTO `cl...')
#3 /opt/lampp/htdocs/ci/system/Database/BaseBuilder.php(2345): CodeIgniter\Database\BaseConnection->query('INSERT INTO `cl...', Array, false)
#4 /opt/lampp/htdocs/ci/system/Model.php(394): CodeIgniter\Database\BaseBuilder->insert()
#5 /opt/lampp/htdocs/ci/system/BaseModel.php(843): CodeIgniter\Model->doInsert(Array)
#6 /opt/lampp/htdocs/ci/system/Model.php(800): CodeIgniter\BaseModel->insert(Array, false)
#7 /opt/lampp/htdocs/ci/system/BaseModel.php(754): CodeIgniter\Model->insert(Array, false)
#8 /opt/lampp/htdocs/ci/app/Controllers/Clientes.php(61): CodeIgniter\BaseModel->save(Array)
#9 /opt/lampp/htdocs/ci/system/CodeIgniter.php(933): App\Controllers\Clientes->insertar()
#10 /opt/lampp/htdocs/ci/system/CodeIgniter.php(507): CodeIgniter\CodeIgniter->runController(Object(App\Controllers\Clientes))
#11 /opt/lampp/htdocs/ci/system/CodeIgniter.php(354): CodeIgniter\CodeIgniter->handleRequest(NULL, Object(Config\Cache), false)
#12 /opt/lampp/htdocs/ci/system/Boot.php(334): CodeIgniter\CodeIgniter->run()
#13 /opt/lampp/htdocs/ci/system/Boot.php(67): CodeIgniter\Boot::runCodeIgniter(Object(CodeIgniter\CodeIgniter))
#14 /opt/lampp/htdocs/ci/public/index.php(59): CodeIgniter\Boot::bootWeb(Object(Config\Paths))
#15 {main}
CRITICAL - 2026-05-23 01:36:43 --> CodeIgniter\Database\Exceptions\DatabaseException: Duplicate entry '0' for key 'PRIMARY'
[Method: POST, Route: clientes/insertar]
in SYSTEMPATH/Database/BaseConnection.php on line 692.
 1 SYSTEMPATH/Database/BaseBuilder.php(2345): CodeIgniter\Database\BaseConnection->query('INSERT INTO `clientes` (`nombre`, `apellido`, `telefono`, `email`, `domicilio`) VALUES (:nombre:, :apellido:, :telefono:, :email:, :domicilio:)', [...], false)
 2 SYSTEMPATH/Model.php(394): CodeIgniter\Database\BaseBuilder->insert()
 3 SYSTEMPATH/BaseModel.php(843): CodeIgniter\Model->doInsert([...])
 4 SYSTEMPATH/Model.php(800): CodeIgniter\BaseModel->insert([...], false)
 5 SYSTEMPATH/BaseModel.php(754): CodeIgniter\Model->insert([...], false)
 6 APPPATH/Controllers/Clientes.php(61): CodeIgniter\BaseModel->save([...])
 7 SYSTEMPATH/CodeIgniter.php(933): App\Controllers\Clientes->insertar()
 8 SYSTEMPATH/CodeIgniter.php(507): CodeIgniter\CodeIgniter->runController(Object(App\Controllers\Clientes))
 9 SYSTEMPATH/CodeIgniter.php(354): CodeIgniter\CodeIgniter->handleRequest(null, Object(Config\Cache), false)
10 SYSTEMPATH/Boot.php(334): CodeIgniter\CodeIgniter->run()
11 SYSTEMPATH/Boot.php(67): CodeIgniter\Boot::runCodeIgniter(Object(CodeIgniter\CodeIgniter))
12 FCPATH/index.php(59): CodeIgniter\Boot::bootWeb(Object(Config\Paths))
CRITICAL - 2026-05-23 01:36:43 --> [Caused by] CodeIgniter\Database\Exceptions\DatabaseException: Duplicate entry '0' for key 'PRIMARY'
in SYSTEMPATH/Database/MySQLi/Connection.php on line 332.
 1 SYSTEMPATH/Database/BaseConnection.php(738): CodeIgniter\Database\MySQLi\Connection->execute('INSERT INTO `clientes` (`nombre`, `apellido`, `telefono`, `email`, `domicilio`) VALUES (\'lorena\', \'juarez\', \'2421321312\', \'zulmadellujanmansilla@gmail.com\', \'dorrego 32\')')
 2 SYSTEMPATH/Database/BaseConnection.php(652): CodeIgniter\Database\BaseConnection->simpleQuery('INSERT INTO `clientes` (`nombre`, `apellido`, `telefono`, `email`, `domicilio`) VALUES (\'lorena\', \'juarez\', \'2421321312\', \'zulmadellujanmansilla@gmail.com\', \'dorrego 32\')')
 3 SYSTEMPATH/Database/BaseBuilder.php(2345): CodeIgniter\Database\BaseConnection->query('INSERT INTO `clientes` (`nombre`, `apellido`, `telefono`, `email`, `domicilio`) VALUES (:nombre:, :apellido:, :telefono:, :email:, :domicilio:)', [...], false)
 4 SYSTEMPATH/Model.php(394): CodeIgniter\Database\BaseBuilder->insert()
 5 SYSTEMPATH/BaseModel.php(843): CodeIgniter\Model->doInsert([...])
 6 SYSTEMPATH/Model.php(800): CodeIgniter\BaseModel->insert([...], false)
 7 SYSTEMPATH/BaseModel.php(754): CodeIgniter\Model->insert([...], false)
 8 APPPATH/Controllers/Clientes.php(61): CodeIgniter\BaseModel->save([...])
 9 SYSTEMPATH/CodeIgniter.php(933): App\Controllers\Clientes->insertar()
10 SYSTEMPATH/CodeIgniter.php(507): CodeIgniter\CodeIgniter->runController(Object(App\Controllers\Clientes))
11 SYSTEMPATH/CodeIgniter.php(354): CodeIgniter\CodeIgniter->handleRequest(null, Object(Config\Cache), false)
12 SYSTEMPATH/Boot.php(334): CodeIgniter\CodeIgniter->run()
13 SYSTEMPATH/Boot.php(67): CodeIgniter\Boot::runCodeIgniter(Object(CodeIgniter\CodeIgniter))
14 FCPATH/index.php(59): CodeIgniter\Boot::bootWeb(Object(Config\Paths))
CRITICAL - 2026-05-23 01:36:43 --> [Caused by] mysqli_sql_exception: Duplicate entry '0' for key 'PRIMARY'
in SYSTEMPATH/Database/MySQLi/Connection.php on line 327.
 1 SYSTEMPATH/Database/MySQLi/Connection.php(327): mysqli->query('INSERT INTO `clientes` (`nombre`, `apellido`, `telefono`, `email`, `domicilio`) VALUES (\'lorena\', \'juarez\', \'2421321312\', \'zulmadellujanmansilla@gmail.com\', \'dorrego 32\')', 0)
 2 SYSTEMPATH/Database/BaseConnection.php(738): CodeIgniter\Database\MySQLi\Connection->execute('INSERT INTO `clientes` (`nombre`, `apellido`, `telefono`, `email`, `domicilio`) VALUES (\'lorena\', \'juarez\', \'2421321312\', \'zulmadellujanmansilla@gmail.com\', \'dorrego 32\')')
 3 SYSTEMPATH/Database/BaseConnection.php(652): CodeIgniter\Database\BaseConnection->simpleQuery('INSERT INTO `clientes` (`nombre`, `apellido`, `telefono`, `email`, `domicilio`) VALUES (\'lorena\', \'juarez\', \'2421321312\', \'zulmadellujanmansilla@gmail.com\', \'dorrego 32\')')
 4 SYSTEMPATH/Database/BaseBuilder.php(2345): CodeIgniter\Database\BaseConnection->query('INSERT INTO `clientes` (`nombre`, `apellido`, `telefono`, `email`, `domicilio`) VALUES (:nombre:, :apellido:, :telefono:, :email:, :domicilio:)', [...], false)
 5 SYSTEMPATH/Model.php(394): CodeIgniter\Database\BaseBuilder->insert()
 6 SYSTEMPATH/BaseModel.php(843): CodeIgniter\Model->doInsert([...])
 7 SYSTEMPATH/Model.php(800): CodeIgniter\BaseModel->insert([...], false)
 8 SYSTEMPATH/BaseModel.php(754): CodeIgniter\Model->insert([...], false)
 9 APPPATH/Controllers/Clientes.php(61): CodeIgniter\BaseModel->save([...])
10 SYSTEMPATH/CodeIgniter.php(933): App\Controllers\Clientes->insertar()
11 SYSTEMPATH/CodeIgniter.php(507): CodeIgniter\CodeIgniter->runController(Object(App\Controllers\Clientes))
12 SYSTEMPATH/CodeIgniter.php(354): CodeIgniter\CodeIgniter->handleRequest(null, Object(Config\Cache), false)
13 SYSTEMPATH/Boot.php(334): CodeIgniter\CodeIgniter->run()
14 SYSTEMPATH/Boot.php(67): CodeIgniter\Boot::runCodeIgniter(Object(CodeIgniter\CodeIgniter))
15 FCPATH/index.php(59): CodeIgniter\Boot::bootWeb(Object(Config\Paths))
ERROR - 2026-05-23 01:36:47 --> mysqli_sql_exception: Duplicate entry '0' for key 'PRIMARY' in /opt/lampp/htdocs/ci/system/Database/MySQLi/Connection.php:327
Stack trace:
#0 /opt/lampp/htdocs/ci/system/Database/MySQLi/Connection.php(327): mysqli->query('INSERT INTO `cl...', 0)
#1 /opt/lampp/htdocs/ci/system/Database/BaseConnection.php(738): CodeIgniter\Database\MySQLi\Connection->execute('INSERT INTO `cl...')
#2 /opt/lampp/htdocs/ci/system/Database/BaseConnection.php(652): CodeIgniter\Database\BaseConnection->simpleQuery('INSERT INTO `cl...')
#3 /opt/lampp/htdocs/ci/system/Database/BaseBuilder.php(2345): CodeIgniter\Database\BaseConnection->query('INSERT INTO `cl...', Array, false)
#4 /opt/lampp/htdocs/ci/system/Model.php(394): CodeIgniter\Database\BaseBuilder->insert()
#5 /opt/lampp/htdocs/ci/system/BaseModel.php(843): CodeIgniter\Model->doInsert(Array)
#6 /opt/lampp/htdocs/ci/system/Model.php(800): CodeIgniter\BaseModel->insert(Array, false)
#7 /opt/lampp/htdocs/ci/system/BaseModel.php(754): CodeIgniter\Model->insert(Array, false)
#8 /opt/lampp/htdocs/ci/app/Controllers/Clientes.php(61): CodeIgniter\BaseModel->save(Array)
#9 /opt/lampp/htdocs/ci/system/CodeIgniter.php(933): App\Controllers\Clientes->insertar()
#10 /opt/lampp/htdocs/ci/system/CodeIgniter.php(507): CodeIgniter\CodeIgniter->runController(Object(App\Controllers\Clientes))
#11 /opt/lampp/htdocs/ci/system/CodeIgniter.php(354): CodeIgniter\CodeIgniter->handleRequest(NULL, Object(Config\Cache), false)
#12 /opt/lampp/htdocs/ci/system/Boot.php(334): CodeIgniter\CodeIgniter->run()
#13 /opt/lampp/htdocs/ci/system/Boot.php(67): CodeIgniter\Boot::runCodeIgniter(Object(CodeIgniter\CodeIgniter))
#14 /opt/lampp/htdocs/ci/public/index.php(59): CodeIgniter\Boot::bootWeb(Object(Config\Paths))
#15 {main}
CRITICAL - 2026-05-23 01:36:47 --> CodeIgniter\Database\Exceptions\DatabaseException: Duplicate entry '0' for key 'PRIMARY'
[Method: POST, Route: clientes/insertar]
in SYSTEMPATH/Database/BaseConnection.php on line 692.
 1 SYSTEMPATH/Database/BaseBuilder.php(2345): CodeIgniter\Database\BaseConnection->query('INSERT INTO `clientes` (`nombre`, `apellido`, `telefono`, `email`, `domicilio`) VALUES (:nombre:, :apellido:, :telefono:, :email:, :domicilio:)', [...], false)
 2 SYSTEMPATH/Model.php(394): CodeIgniter\Database\BaseBuilder->insert()
 3 SYSTEMPATH/BaseModel.php(843): CodeIgniter\Model->doInsert([...])
 4 SYSTEMPATH/Model.php(800): CodeIgniter\BaseModel->insert([...], false)
 5 SYSTEMPATH/BaseModel.php(754): CodeIgniter\Model->insert([...], false)
 6 APPPATH/Controllers/Clientes.php(61): CodeIgniter\BaseModel->save([...])
 7 SYSTEMPATH/CodeIgniter.php(933): App\Controllers\Clientes->insertar()
 8 SYSTEMPATH/CodeIgniter.php(507): CodeIgniter\CodeIgniter->runController(Object(App\Controllers\Clientes))
 9 SYSTEMPATH/CodeIgniter.php(354): CodeIgniter\CodeIgniter->handleRequest(null, Object(Config\Cache), false)
10 SYSTEMPATH/Boot.php(334): CodeIgniter\CodeIgniter->run()
11 SYSTEMPATH/Boot.php(67): CodeIgniter\Boot::runCodeIgniter(Object(CodeIgniter\CodeIgniter))
12 FCPATH/index.php(59): CodeIgniter\Boot::bootWeb(Object(Config\Paths))
CRITICAL - 2026-05-23 01:36:47 --> [Caused by] CodeIgniter\Database\Exceptions\DatabaseException: Duplicate entry '0' for key 'PRIMARY'
in SYSTEMPATH/Database/MySQLi/Connection.php on line 332.
 1 SYSTEMPATH/Database/BaseConnection.php(738): CodeIgniter\Database\MySQLi\Connection->execute('INSERT INTO `clientes` (`nombre`, `apellido`, `telefono`, `email`, `domicilio`) VALUES (\'lorena\', \'juarez\', \'2421321312\', \'zulmadellujanmansilla@gmail.com\', \'dorrego 32\')')
 2 SYSTEMPATH/Database/BaseConnection.php(652): CodeIgniter\Database\BaseConnection->simpleQuery('INSERT INTO `clientes` (`nombre`, `apellido`, `telefono`, `email`, `domicilio`) VALUES (\'lorena\', \'juarez\', \'2421321312\', \'zulmadellujanmansilla@gmail.com\', \'dorrego 32\')')
 3 SYSTEMPATH/Database/BaseBuilder.php(2345): CodeIgniter\Database\BaseConnection->query('INSERT INTO `clientes` (`nombre`, `apellido`, `telefono`, `email`, `domicilio`) VALUES (:nombre:, :apellido:, :telefono:, :email:, :domicilio:)', [...], false)
 4 SYSTEMPATH/Model.php(394): CodeIgniter\Database\BaseBuilder->insert()
 5 SYSTEMPATH/BaseModel.php(843): CodeIgniter\Model->doInsert([...])
 6 SYSTEMPATH/Model.php(800): CodeIgniter\BaseModel->insert([...], false)
 7 SYSTEMPATH/BaseModel.php(754): CodeIgniter\Model->insert([...], false)
 8 APPPATH/Controllers/Clientes.php(61): CodeIgniter\BaseModel->save([...])
 9 SYSTEMPATH/CodeIgniter.php(933): App\Controllers\Clientes->insertar()
10 SYSTEMPATH/CodeIgniter.php(507): CodeIgniter\CodeIgniter->runController(Object(App\Controllers\Clientes))
11 SYSTEMPATH/CodeIgniter.php(354): CodeIgniter\CodeIgniter->handleRequest(null, Object(Config\Cache), false)
12 SYSTEMPATH/Boot.php(334): CodeIgniter\CodeIgniter->run()
13 SYSTEMPATH/Boot.php(67): CodeIgniter\Boot::runCodeIgniter(Object(CodeIgniter\CodeIgniter))
14 FCPATH/index.php(59): CodeIgniter\Boot::bootWeb(Object(Config\Paths))
CRITICAL - 2026-05-23 01:36:47 --> [Caused by] mysqli_sql_exception: Duplicate entry '0' for key 'PRIMARY'
in SYSTEMPATH/Database/MySQLi/Connection.php on line 327.
 1 SYSTEMPATH/Database/MySQLi/Connection.php(327): mysqli->query('INSERT INTO `clientes` (`nombre`, `apellido`, `telefono`, `email`, `domicilio`) VALUES (\'lorena\', \'juarez\', \'2421321312\', \'zulmadellujanmansilla@gmail.com\', \'dorrego 32\')', 0)
 2 SYSTEMPATH/Database/BaseConnection.php(738): CodeIgniter\Database\MySQLi\Connection->execute('INSERT INTO `clientes` (`nombre`, `apellido`, `telefono`, `email`, `domicilio`) VALUES (\'lorena\', \'juarez\', \'2421321312\', \'zulmadellujanmansilla@gmail.com\', \'dorrego 32\')')
 3 SYSTEMPATH/Database/BaseConnection.php(652): CodeIgniter\Database\BaseConnection->simpleQuery('INSERT INTO `clientes` (`nombre`, `apellido`, `telefono`, `email`, `domicilio`) VALUES (\'lorena\', \'juarez\', \'2421321312\', \'zulmadellujanmansilla@gmail.com\', \'dorrego 32\')')
 4 SYSTEMPATH/Database/BaseBuilder.php(2345): CodeIgniter\Database\BaseConnection->query('INSERT INTO `clientes` (`nombre`, `apellido`, `telefono`, `email`, `domicilio`) VALUES (:nombre:, :apellido:, :telefono:, :email:, :domicilio:)', [...], false)
 5 SYSTEMPATH/Model.php(394): CodeIgniter\Database\BaseBuilder->insert()
 6 SYSTEMPATH/BaseModel.php(843): CodeIgniter\Model->doInsert([...])
 7 SYSTEMPATH/Model.php(800): CodeIgniter\BaseModel->insert([...], false)
 8 SYSTEMPATH/BaseModel.php(754): CodeIgniter\Model->insert([...], false)
 9 APPPATH/Controllers/Clientes.php(61): CodeIgniter\BaseModel->save([...])
10 SYSTEMPATH/CodeIgniter.php(933): App\Controllers\Clientes->insertar()
11 SYSTEMPATH/CodeIgniter.php(507): CodeIgniter\CodeIgniter->runController(Object(App\Controllers\Clientes))
12 SYSTEMPATH/CodeIgniter.php(354): CodeIgniter\CodeIgniter->handleRequest(null, Object(Config\Cache), false)
13 SYSTEMPATH/Boot.php(334): CodeIgniter\CodeIgniter->run()
14 SYSTEMPATH/Boot.php(67): CodeIgniter\Boot::runCodeIgniter(Object(CodeIgniter\CodeIgniter))
15 FCPATH/index.php(59): CodeIgniter\Boot::bootWeb(Object(Config\Paths))
CRITICAL - 2026-05-23 01:51:44 --> CodeIgniter\HTTP\Exceptions\BadRequestException: The URI you submitted has disallowed characters: "<"
[Method: GET, Route: %3C]
in SYSTEMPATH/Router/Router.php on line 741.
 1 SYSTEMPATH/Router/Router.php(207): CodeIgniter\Router\Router->checkDisallowedChars('<')
 2 SYSTEMPATH/CodeIgniter.php(832): CodeIgniter\Router\Router->handle('<')
 3 SYSTEMPATH/CodeIgniter.php(455): CodeIgniter\CodeIgniter->tryToRouteIt(Object(CodeIgniter\Router\RouteCollection))
 4 SYSTEMPATH/CodeIgniter.php(354): CodeIgniter\CodeIgniter->handleRequest(null, Object(Config\Cache), false)
 5 SYSTEMPATH/Boot.php(334): CodeIgniter\CodeIgniter->run()
 6 SYSTEMPATH/Boot.php(67): CodeIgniter\Boot::runCodeIgniter(Object(CodeIgniter\CodeIgniter))
 7 FCPATH/index.php(59): CodeIgniter\Boot::bootWeb(Object(Config\Paths))
CRITICAL - 2026-05-23 01:52:27 --> CodeIgniter\HTTP\Exceptions\BadRequestException: The URI you submitted has disallowed characters: "<"
[Method: GET, Route: %3C]
in SYSTEMPATH/Router/Router.php on line 741.
 1 SYSTEMPATH/Router/Router.php(207): CodeIgniter\Router\Router->checkDisallowedChars('<')
 2 SYSTEMPATH/CodeIgniter.php(832): CodeIgniter\Router\Router->handle('<')
 3 SYSTEMPATH/CodeIgniter.php(455): CodeIgniter\CodeIgniter->tryToRouteIt(Object(CodeIgniter\Router\RouteCollection))
 4 SYSTEMPATH/CodeIgniter.php(354): CodeIgniter\CodeIgniter->handleRequest(null, Object(Config\Cache), false)
 5 SYSTEMPATH/Boot.php(334): CodeIgniter\CodeIgniter->run()
 6 SYSTEMPATH/Boot.php(67): CodeIgniter\Boot::runCodeIgniter(Object(CodeIgniter\CodeIgniter))
 7 FCPATH/index.php(59): CodeIgniter\Boot::bootWeb(Object(Config\Paths))
CRITICAL - 2026-05-23 01:52:39 --> CodeIgniter\HTTP\Exceptions\BadRequestException: The URI you submitted has disallowed characters: "<"
[Method: GET, Route: %3C]
in SYSTEMPATH/Router/Router.php on line 741.
 1 SYSTEMPATH/Router/Router.php(207): CodeIgniter\Router\Router->checkDisallowedChars('<')
 2 SYSTEMPATH/CodeIgniter.php(832): CodeIgniter\Router\Router->handle('<')
 3 SYSTEMPATH/CodeIgniter.php(455): CodeIgniter\CodeIgniter->tryToRouteIt(Object(CodeIgniter\Router\RouteCollection))
 4 SYSTEMPATH/CodeIgniter.php(354): CodeIgniter\CodeIgniter->handleRequest(null, Object(Config\Cache), false)
 5 SYSTEMPATH/Boot.php(334): CodeIgniter\CodeIgniter->run()
 6 SYSTEMPATH/Boot.php(67): CodeIgniter\Boot::runCodeIgniter(Object(CodeIgniter\CodeIgniter))
 7 FCPATH/index.php(59): CodeIgniter\Boot::bootWeb(Object(Config\Paths))
CRITICAL - 2026-05-23 01:52:44 --> CodeIgniter\HTTP\Exceptions\BadRequestException: The URI you submitted has disallowed characters: "<"
[Method: GET, Route: %3C]
in SYSTEMPATH/Router/Router.php on line 741.
 1 SYSTEMPATH/Router/Router.php(207): CodeIgniter\Router\Router->checkDisallowedChars('<')
 2 SYSTEMPATH/CodeIgniter.php(832): CodeIgniter\Router\Router->handle('<')
 3 SYSTEMPATH/CodeIgniter.php(455): CodeIgniter\CodeIgniter->tryToRouteIt(Object(CodeIgniter\Router\RouteCollection))
 4 SYSTEMPATH/CodeIgniter.php(354): CodeIgniter\CodeIgniter->handleRequest(null, Object(Config\Cache), false)
 5 SYSTEMPATH/Boot.php(334): CodeIgniter\CodeIgniter->run()
 6 SYSTEMPATH/Boot.php(67): CodeIgniter\Boot::runCodeIgniter(Object(CodeIgniter\CodeIgniter))
 7 FCPATH/index.php(59): CodeIgniter\Boot::bootWeb(Object(Config\Paths))
CRITICAL - 2026-05-23 01:52:56 --> CodeIgniter\HTTP\Exceptions\BadRequestException: The URI you submitted has disallowed characters: "<"
[Method: GET, Route: %3C]
in SYSTEMPATH/Router/Router.php on line 741.
 1 SYSTEMPATH/Router/Router.php(207): CodeIgniter\Router\Router->checkDisallowedChars('<')
 2 SYSTEMPATH/CodeIgniter.php(832): CodeIgniter\Router\Router->handle('<')
 3 SYSTEMPATH/CodeIgniter.php(455): CodeIgniter\CodeIgniter->tryToRouteIt(Object(CodeIgniter\Router\RouteCollection))
 4 SYSTEMPATH/CodeIgniter.php(354): CodeIgniter\CodeIgniter->handleRequest(null, Object(Config\Cache), false)
 5 SYSTEMPATH/Boot.php(334): CodeIgniter\CodeIgniter->run()
 6 SYSTEMPATH/Boot.php(67): CodeIgniter\Boot::runCodeIgniter(Object(CodeIgniter\CodeIgniter))
 7 FCPATH/index.php(59): CodeIgniter\Boot::bootWeb(Object(Config\Paths))
