ERROR - 2026-05-04 21:42:01 --> Error connecting to the database: mysqli_sql_exception: Unknown database 'gestion' in /opt/lampp/htdocs/ci/system/Database/MySQLi/Connection.php:201
Stack trace:
#0 /opt/lampp/htdocs/ci/system/Database/MySQLi/Connection.php(201): mysqli->real_connect('localhost', 'root', Object(SensitiveParameterValue), 'gestion', 3306, '', 0)
#1 /opt/lampp/htdocs/ci/system/Database/BaseConnection.php(421): CodeIgniter\Database\MySQLi\Connection->connect(false)
#2 /opt/lampp/htdocs/ci/system/Database/BaseConnection.php(620): CodeIgniter\Database\BaseConnection->initialize()
#3 /opt/lampp/htdocs/ci/system/Database/BaseBuilder.php(1649): CodeIgniter\Database\BaseConnection->query('SELECT *\nFROM `...', Array, false)
#4 /opt/lampp/htdocs/ci/system/Model.php(286): CodeIgniter\Database\BaseBuilder->get()
#5 /opt/lampp/htdocs/ci/system/BaseModel.php(679): CodeIgniter\Model->doFindAll(0, 0)
#6 /opt/lampp/htdocs/ci/app/Controllers/Clientes.php(20): CodeIgniter\BaseModel->findAll()
#7 /opt/lampp/htdocs/ci/system/CodeIgniter.php(933): App\Controllers\Clientes->index()
#8 /opt/lampp/htdocs/ci/system/CodeIgniter.php(507): CodeIgniter\CodeIgniter->runController(Object(App\Controllers\Clientes))
#9 /opt/lampp/htdocs/ci/system/CodeIgniter.php(354): CodeIgniter\CodeIgniter->handleRequest(NULL, Object(Config\Cache), false)
#10 /opt/lampp/htdocs/ci/system/Boot.php(334): CodeIgniter\CodeIgniter->run()
#11 /opt/lampp/htdocs/ci/system/Boot.php(67): CodeIgniter\Boot::runCodeIgniter(Object(CodeIgniter\CodeIgniter))
#12 /opt/lampp/htdocs/ci/public/index.php(59): CodeIgniter\Boot::bootWeb(Object(Config\Paths))
#13 {main}

Next CodeIgniter\Database\Exceptions\DatabaseException: Unknown database 'gestion' in /opt/lampp/htdocs/ci/system/Database/MySQLi/Connection.php:246
Stack trace:
#0 /opt/lampp/htdocs/ci/system/Database/BaseConnection.php(421): CodeIgniter\Database\MySQLi\Connection->connect(false)
#1 /opt/lampp/htdocs/ci/system/Database/BaseConnection.php(620): CodeIgniter\Database\BaseConnection->initialize()
#2 /opt/lampp/htdocs/ci/system/Database/BaseBuilder.php(1649): CodeIgniter\Database\BaseConnection->query('SELECT *\nFROM `...', Array, false)
#3 /opt/lampp/htdocs/ci/system/Model.php(286): CodeIgniter\Database\BaseBuilder->get()
#4 /opt/lampp/htdocs/ci/system/BaseModel.php(679): CodeIgniter\Model->doFindAll(0, 0)
#5 /opt/lampp/htdocs/ci/app/Controllers/Clientes.php(20): CodeIgniter\BaseModel->findAll()
#6 /opt/lampp/htdocs/ci/system/CodeIgniter.php(933): App\Controllers\Clientes->index()
#7 /opt/lampp/htdocs/ci/system/CodeIgniter.php(507): CodeIgniter\CodeIgniter->runController(Object(App\Controllers\Clientes))
#8 /opt/lampp/htdocs/ci/system/CodeIgniter.php(354): CodeIgniter\CodeIgniter->handleRequest(NULL, Object(Config\Cache), false)
#9 /opt/lampp/htdocs/ci/system/Boot.php(334): CodeIgniter\CodeIgniter->run()
#10 /opt/lampp/htdocs/ci/system/Boot.php(67): CodeIgniter\Boot::runCodeIgniter(Object(CodeIgniter\CodeIgniter))
#11 /opt/lampp/htdocs/ci/public/index.php(59): CodeIgniter\Boot::bootWeb(Object(Config\Paths))
#12 {main}
CRITICAL - 2026-05-04 21:42:01 --> CodeIgniter\Database\Exceptions\DatabaseException: Unable to connect to the database.
Main connection [MySQLi]: Unknown database 'gestion'
[Method: GET, Route: clientes]
in SYSTEMPATH/Database/BaseConnection.php on line 467.
 1 SYSTEMPATH/Database/BaseConnection.php(620): CodeIgniter\Database\BaseConnection->initialize()
 2 SYSTEMPATH/Database/BaseBuilder.php(1649): CodeIgniter\Database\BaseConnection->query('SELECT *
FROM `clientes`', [], false)
 3 SYSTEMPATH/Model.php(286): CodeIgniter\Database\BaseBuilder->get()
 4 SYSTEMPATH/BaseModel.php(679): CodeIgniter\Model->doFindAll(0, 0)
 5 APPPATH/Controllers/Clientes.php(20): CodeIgniter\BaseModel->findAll()
 6 SYSTEMPATH/CodeIgniter.php(933): App\Controllers\Clientes->index()
 7 SYSTEMPATH/CodeIgniter.php(507): CodeIgniter\CodeIgniter->runController(Object(App\Controllers\Clientes))
 8 SYSTEMPATH/CodeIgniter.php(354): CodeIgniter\CodeIgniter->handleRequest(null, Object(Config\Cache), false)
 9 SYSTEMPATH/Boot.php(334): CodeIgniter\CodeIgniter->run()
10 SYSTEMPATH/Boot.php(67): CodeIgniter\Boot::runCodeIgniter(Object(CodeIgniter\CodeIgniter))
11 FCPATH/index.php(59): CodeIgniter\Boot::bootWeb(Object(Config\Paths))
