CRITICAL - 2026-06-28 14:34:34 --> ErrorException: Undefined variable $datos
[Method: GET, Route: usuarios/borrar/1]
in APPPATH/Controllers/Usuarios.php on line 43.
 1 APPPATH/Controllers/Usuarios.php(43): CodeIgniter\Debug\Exceptions->errorHandler(2, 'Undefined variable $datos', '/opt/lampp/htdocs/ci.03/app/Controllers/Usuarios.php', 43)
 2 SYSTEMPATH/CodeIgniter.php(933): App\Controllers\Usuarios->borrar('1')
 3 SYSTEMPATH/CodeIgniter.php(507): CodeIgniter\CodeIgniter->runController(Object(App\Controllers\Usuarios))
 4 SYSTEMPATH/CodeIgniter.php(354): CodeIgniter\CodeIgniter->handleRequest(null, Object(Config\Cache), false)
 5 SYSTEMPATH/Boot.php(334): CodeIgniter\CodeIgniter->run()
 6 SYSTEMPATH/Boot.php(67): CodeIgniter\Boot::runCodeIgniter(Object(CodeIgniter\CodeIgniter))
 7 FCPATH/index.php(59): CodeIgniter\Boot::bootWeb(Object(Config\Paths))
CRITICAL - 2026-06-28 14:35:38 --> ErrorException: Undefined variable $datos
[Method: GET, Route: usuarios/borrar/1]
in APPPATH/Controllers/Usuarios.php on line 43.
 1 APPPATH/Controllers/Usuarios.php(43): CodeIgniter\Debug\Exceptions->errorHandler(2, 'Undefined variable $datos', '/opt/lampp/htdocs/ci.03/app/Controllers/Usuarios.php', 43)
 2 SYSTEMPATH/CodeIgniter.php(933): App\Controllers\Usuarios->borrar('1')
 3 SYSTEMPATH/CodeIgniter.php(507): CodeIgniter\CodeIgniter->runController(Object(App\Controllers\Usuarios))
 4 SYSTEMPATH/CodeIgniter.php(354): CodeIgniter\CodeIgniter->handleRequest(null, Object(Config\Cache), false)
 5 SYSTEMPATH/Boot.php(334): CodeIgniter\CodeIgniter->run()
 6 SYSTEMPATH/Boot.php(67): CodeIgniter\Boot::runCodeIgniter(Object(CodeIgniter\CodeIgniter))
 7 FCPATH/index.php(59): CodeIgniter\Boot::bootWeb(Object(Config\Paths))
CRITICAL - 2026-06-28 14:37:14 --> ErrorException: Undefined variable $museos
[Method: GET, Route: usuarios/borrar/1]
in APPPATH/Controllers/Usuarios.php on line 40.
 1 APPPATH/Controllers/Usuarios.php(40): CodeIgniter\Debug\Exceptions->errorHandler(2, 'Undefined variable $museos', '/opt/lampp/htdocs/ci.03/app/Controllers/Usuarios.php', 40)
 2 SYSTEMPATH/CodeIgniter.php(933): App\Controllers\Usuarios->borrar('1')
 3 SYSTEMPATH/CodeIgniter.php(507): CodeIgniter\CodeIgniter->runController(Object(App\Controllers\Usuarios))
 4 SYSTEMPATH/CodeIgniter.php(354): CodeIgniter\CodeIgniter->handleRequest(null, Object(Config\Cache), false)
 5 SYSTEMPATH/Boot.php(334): CodeIgniter\CodeIgniter->run()
 6 SYSTEMPATH/Boot.php(67): CodeIgniter\Boot::runCodeIgniter(Object(CodeIgniter\CodeIgniter))
 7 FCPATH/index.php(59): CodeIgniter\Boot::bootWeb(Object(Config\Paths))
CRITICAL - 2026-06-28 14:37:49 --> ErrorException: Undefined variable $usuarios
[Method: GET, Route: usuarios/borrar/1]
in APPPATH/Controllers/Usuarios.php on line 42.
 1 APPPATH/Controllers/Usuarios.php(42): CodeIgniter\Debug\Exceptions->errorHandler(2, 'Undefined variable $usuarios', '/opt/lampp/htdocs/ci.03/app/Controllers/Usuarios.php', 42)
 2 SYSTEMPATH/CodeIgniter.php(933): App\Controllers\Usuarios->borrar('1')
 3 SYSTEMPATH/CodeIgniter.php(507): CodeIgniter\CodeIgniter->runController(Object(App\Controllers\Usuarios))
 4 SYSTEMPATH/CodeIgniter.php(354): CodeIgniter\CodeIgniter->handleRequest(null, Object(Config\Cache), false)
 5 SYSTEMPATH/Boot.php(334): CodeIgniter\CodeIgniter->run()
 6 SYSTEMPATH/Boot.php(67): CodeIgniter\Boot::runCodeIgniter(Object(CodeIgniter\CodeIgniter))
 7 FCPATH/index.php(59): CodeIgniter\Boot::bootWeb(Object(Config\Paths))
CRITICAL - 2026-06-28 14:38:04 --> ErrorException: Undefined variable $usuarios
[Method: GET, Route: usuarios/borrar/1]
in APPPATH/Controllers/Usuarios.php on line 38.
 1 APPPATH/Controllers/Usuarios.php(38): CodeIgniter\Debug\Exceptions->errorHandler(2, 'Undefined variable $usuarios', '/opt/lampp/htdocs/ci.03/app/Controllers/Usuarios.php', 38)
 2 SYSTEMPATH/CodeIgniter.php(933): App\Controllers\Usuarios->borrar('1')
 3 SYSTEMPATH/CodeIgniter.php(507): CodeIgniter\CodeIgniter->runController(Object(App\Controllers\Usuarios))
 4 SYSTEMPATH/CodeIgniter.php(354): CodeIgniter\CodeIgniter->handleRequest(null, Object(Config\Cache), false)
 5 SYSTEMPATH/Boot.php(334): CodeIgniter\CodeIgniter->run()
 6 SYSTEMPATH/Boot.php(67): CodeIgniter\Boot::runCodeIgniter(Object(CodeIgniter\CodeIgniter))
 7 FCPATH/index.php(59): CodeIgniter\Boot::bootWeb(Object(Config\Paths))
